#
# There is insufficient memory for the Java Runtime Environment to continue.
# Native memory allocation (malloc) failed to allocate 2001840 bytes. Error detail: Chunk::new
# Possible reasons:
#   The system is out of physical RAM or swap space
#   This process is running with CompressedOops enabled, and the Java Heap may be blocking the growth of the native heap
# Possible solutions:
#   Reduce memory load on the system
#   Increase physical memory or swap space
#   Check if swap backing store is full
#   Decrease Java heap size (-Xmx/-Xms)
#   Decrease number of Java threads
#   Decrease Java thread stack sizes (-Xss)
#   Set larger code cache with -XX:ReservedCodeCacheSize=
#   JVM is running with Unscaled Compressed Oops mode in which the Java heap is
#     placed in the first 4GB address space. The Java Heap base address is the
#     maximum limit for the native heap growth. Please use -XX:HeapBaseMinAddress
#     to set the Java Heap base and to place the Java Heap above 4GB virtual address.
# This output file may be truncated or incomplete.
#
#  Out of Memory Error (arena.cpp:168), pid=24932, tid=16116
#
# JRE version: OpenJDK Runtime Environment (Red_Hat-21.0.4.0+7-1) (21.0.4+7) (build 21.0.4+7-LTS)
# Java VM: OpenJDK 64-Bit Server VM (Red_Hat-21.0.4.0+7-1) (21.0.4+7-LTS, mixed mode, sharing, tiered, compressed oops, compressed class ptrs, g1 gc, windows-amd64)
# No core dump will be written. Minidumps are not enabled by default on client versions of Windows
#

---------------  S U M M A R Y ------------

Command Line: --add-opens=java.base/java.lang=ALL-UNNAMED --add-opens=java.base/java.lang.invoke=ALL-UNNAMED --add-opens=java.base/java.util=ALL-UNNAMED --add-opens=java.prefs/java.util.prefs=ALL-UNNAMED --add-exports=jdk.compiler/com.sun.tools.javac.api=ALL-UNNAMED --add-exports=jdk.compiler/com.sun.tools.javac.util=ALL-UNNAMED --add-opens=java.base/java.util=ALL-UNNAMED --add-opens=java.prefs/java.util.prefs=ALL-UNNAMED --add-opens=java.base/java.nio.charset=ALL-UNNAMED --add-opens=java.base/java.net=ALL-UNNAMED --add-opens=java.base/java.util.concurrent=ALL-UNNAMED --add-opens=java.base/java.util.concurrent.atomic=ALL-UNNAMED --add-opens=java.xml/javax.xml.namespace=ALL-UNNAMED --add-opens=java.base/java.time=ALL-UNNAMED -XX:MaxMetaspaceSize=384m -XX:+HeapDumpOnOutOfMemoryError -Xms256m -Xmx512m -Dfile.encoding=UTF-8 -Duser.country=GB -Duser.language=en -Duser.variant -javaagent:C:\Users\hecto\.gradle\wrapper\dists\gradle-9.2.1-bin\2t0n5ozlw9xmuyvbp7dnzaxug\gradle-9.2.1\lib\agents\gradle-instrumentation-agent-9.2.1.jar org.gradle.launcher.daemon.bootstrap.GradleDaemon 9.2.1

Host: Intel(R) Core(TM) i7-10700 CPU @ 2.90GHz, 16 cores, 15G,  Windows 11 , 64 bit Build 26100 (10.0.26100.7309)
Time: Tue Dec 23 12:49:38 2025 GMT Standard Time elapsed time: 2.189738 seconds (0d 0h 0m 2s)

---------------  T H R E A D  ---------------

Current thread (0x0000029ac0bfce40):  JavaThread "C2 CompilerThread0" daemon [_thread_in_native, id=16116, stack(0x000000d333400000,0x000000d333500000) (1024K)]


Current CompileTask:
C2:   2189 3076   !   4       java.net.URLClassLoader$1::run (81 bytes)

Stack: [0x000000d333400000,0x000000d333500000]
Native frames: (J=compiled Java code, j=interpreted, Vv=VM code, C=native code)
V  [jvm.dll+0x6cbcf9]
V  [jvm.dll+0x8a5551]
V  [jvm.dll+0x8a7a7e]
V  [jvm.dll+0x8a8153]
V  [jvm.dll+0x27eca6]
V  [jvm.dll+0xc4aad]
V  [jvm.dll+0xc4fe3]
V  [jvm.dll+0x3b513c]
V  [jvm.dll+0x3815a5]
V  [jvm.dll+0x380a0a]
V  [jvm.dll+0x247110]
V  [jvm.dll+0x2466ef]
V  [jvm.dll+0x1c6f7e]
V  [jvm.dll+0x255e7a]
V  [jvm.dll+0x25441a]
V  [jvm.dll+0x3eeef6]
V  [jvm.dll+0x84f17b]
V  [jvm.dll+0x6ca3fd]
C  [ucrtbase.dll+0x37b0]
C  [KERNEL32.DLL+0x2e8d7]
C  [ntdll.dll+0x8c53c]


---------------  P R O C E S S  ---------------

Threads class SMR info:
_java_thread_list=0x0000029ac0f04090, length=30, elements={
0x0000029aa30358c0, 0x0000029ac0be9140, 0x0000029ac0beb0d0, 0x0000029ac0beeac0,
0x0000029ac0bf2e90, 0x0000029ac0bf65c0, 0x0000029ac0bf8a20, 0x0000029ac0bfce40,
0x0000029ac0c06f40, 0x0000029ac0cc5ab0, 0x0000029ac0bf9dd0, 0x0000029ac0db5b20,
0x0000029ac0dba6f0, 0x0000029ac0bf90b0, 0x0000029ada1c0d60, 0x0000029adaec8de0,
0x0000029ac0bf7d00, 0x0000029ac0bf9740, 0x0000029ac0bfaaf0, 0x0000029ac0bfa460,
0x0000029ac0bf8390, 0x0000029adbd58e50, 0x0000029adbd59b70, 0x0000029adbd5b5b0,
0x0000029adbd5a200, 0x0000029adbd5a890, 0x0000029adbd5af20, 0x0000029adbd587c0,
0x0000029adbd5bc40, 0x0000029aa300d400
}

Java Threads: ( => current thread )
  0x0000029aa30358c0 JavaThread "main"                              [_thread_blocked, id=3776, stack(0x000000d332600000,0x000000d332700000) (1024K)]
  0x0000029ac0be9140 JavaThread "Reference Handler"          daemon [_thread_blocked, id=7608, stack(0x000000d332e00000,0x000000d332f00000) (1024K)]
  0x0000029ac0beb0d0 JavaThread "Finalizer"                  daemon [_thread_blocked, id=22844, stack(0x000000d332f00000,0x000000d333000000) (1024K)]
  0x0000029ac0beeac0 JavaThread "Signal Dispatcher"          daemon [_thread_blocked, id=5500, stack(0x000000d333000000,0x000000d333100000) (1024K)]
  0x0000029ac0bf2e90 JavaThread "Attach Listener"            daemon [_thread_blocked, id=13820, stack(0x000000d333100000,0x000000d333200000) (1024K)]
  0x0000029ac0bf65c0 JavaThread "Service Thread"             daemon [_thread_blocked, id=13824, stack(0x000000d333200000,0x000000d333300000) (1024K)]
  0x0000029ac0bf8a20 JavaThread "Monitor Deflation Thread"   daemon [_thread_blocked, id=3336, stack(0x000000d333300000,0x000000d333400000) (1024K)]
=>0x0000029ac0bfce40 JavaThread "C2 CompilerThread0"         daemon [_thread_in_native, id=16116, stack(0x000000d333400000,0x000000d333500000) (1024K)]
  0x0000029ac0c06f40 JavaThread "C1 CompilerThread0"         daemon [_thread_blocked, id=500, stack(0x000000d333500000,0x000000d333600000) (1024K)]
  0x0000029ac0cc5ab0 JavaThread "C1 CompilerThread1"         daemon [_thread_blocked, id=17680, stack(0x000000d333600000,0x000000d333700000) (1024K)]
  0x0000029ac0bf9dd0 JavaThread "Common-Cleaner"             daemon [_thread_blocked, id=13120, stack(0x000000d333700000,0x000000d333800000) (1024K)]
  0x0000029ac0db5b20 JavaThread "C1 CompilerThread2"         daemon [_thread_blocked, id=24144, stack(0x000000d333800000,0x000000d333900000) (1024K)]
  0x0000029ac0dba6f0 JavaThread "C2 CompilerThread1"         daemon [_thread_in_native, id=24020, stack(0x000000d333900000,0x000000d333a00000) (1024K)]
  0x0000029ac0bf90b0 JavaThread "Notification Thread"        daemon [_thread_blocked, id=12372, stack(0x000000d333a00000,0x000000d333b00000) (1024K)]
  0x0000029ada1c0d60 JavaThread "C2 CompilerThread2"         daemon [_thread_in_native, id=22216, stack(0x000000d333b00000,0x000000d333c00000) (1024K)]
  0x0000029adaec8de0 JavaThread "C1 CompilerThread3"         daemon [_thread_blocked, id=4280, stack(0x000000d334200000,0x000000d334300000) (1024K)]
  0x0000029ac0bf7d00 JavaThread "Daemon health stats"               [_thread_blocked, id=10104, stack(0x000000d334100000,0x000000d334200000) (1024K)]
  0x0000029ac0bf9740 JavaThread "Incoming local TCP Connector on port 64673"        [_thread_in_native, id=25368, stack(0x000000d334300000,0x000000d334400000) (1024K)]
  0x0000029ac0bfaaf0 JavaThread "Daemon periodic checks"            [_thread_blocked, id=24116, stack(0x000000d334400000,0x000000d334500000) (1024K)]
  0x0000029ac0bfa460 JavaThread "Daemon"                            [_thread_blocked, id=15136, stack(0x000000d334500000,0x000000d334600000) (1024K)]
  0x0000029ac0bf8390 JavaThread "Handler for socket connection from /127.0.0.1:64673 to /127.0.0.1:64674"        [_thread_in_native, id=2892, stack(0x000000d334600000,0x000000d334700000) (1024K)]
  0x0000029adbd58e50 JavaThread "Cancel handler"                    [_thread_blocked, id=24104, stack(0x000000d334700000,0x000000d334800000) (1024K)]
  0x0000029adbd59b70 JavaThread "Daemon worker"                     [_thread_in_vm, id=13928, stack(0x000000d334800000,0x000000d334900000) (1024K)]
  0x0000029adbd5b5b0 JavaThread "Asynchronous log dispatcher for DefaultDaemonConnection: socket connection from /127.0.0.1:64673 to /127.0.0.1:64674"        [_thread_blocked, id=3904, stack(0x000000d334900000,0x000000d334a00000) (1024K)]
  0x0000029adbd5a200 JavaThread "Stdin handler"                     [_thread_blocked, id=22048, stack(0x000000d334a00000,0x000000d334b00000) (1024K)]
  0x0000029adbd5a890 JavaThread "Daemon client event forwarder"        [_thread_blocked, id=24008, stack(0x000000d334b00000,0x000000d334c00000) (1024K)]
  0x0000029adbd5af20 JavaThread "Cache worker for journal cache (C:\Users\hecto\.gradle\caches\journal-1)"        [_thread_blocked, id=24400, stack(0x000000d334c00000,0x000000d334d00000) (1024K)]
  0x0000029adbd587c0 JavaThread "File lock request listener"        [_thread_in_native, id=17436, stack(0x000000d334d00000,0x000000d334e00000) (1024K)]
  0x0000029adbd5bc40 JavaThread "Cache worker for file hash cache (C:\Users\hecto\.gradle\caches\9.2.1\fileHashes)"        [_thread_blocked, id=21960, stack(0x000000d334e00000,0x000000d334f00000) (1024K)]
  0x0000029aa300d400 JavaThread "C2 CompilerThread3"         daemon [_thread_in_native, id=5428, stack(0x000000d335800000,0x000000d335900000) (1024K)]
Total: 30

Other Threads:
  0x0000029ac0bc5b90 VMThread "VM Thread"                           [id=18044, stack(0x000000d332d00000,0x000000d332e00000) (1024K)]
  0x0000029ac0bb07e0 WatcherThread "VM Periodic Task Thread"        [id=15720, stack(0x000000d332c00000,0x000000d332d00000) (1024K)]
  0x0000029aa52c84b0 WorkerThread "GC Thread#0"                     [id=24496, stack(0x000000d332700000,0x000000d332800000) (1024K)]
  0x0000029ada171fd0 WorkerThread "GC Thread#1"                     [id=24744, stack(0x000000d333c00000,0x000000d333d00000) (1024K)]
  0x0000029ada260630 WorkerThread "GC Thread#2"                     [id=5968, stack(0x000000d333d00000,0x000000d333e00000) (1024K)]
  0x0000029ada1b6c00 WorkerThread "GC Thread#3"                     [id=21396, stack(0x000000d333e00000,0x000000d333f00000) (1024K)]
  0x0000029ada1a5c70 WorkerThread "GC Thread#4"                     [id=24780, stack(0x000000d333f00000,0x000000d334000000) (1024K)]
  0x0000029ada1a5530 WorkerThread "GC Thread#5"                     [id=22612, stack(0x000000d334000000,0x000000d334100000) (1024K)]
  0x0000029ada1a6e90 WorkerThread "GC Thread#6"                     [id=1412, stack(0x000000d334f00000,0x000000d335000000) (1024K)]
  0x0000029ade6bfc90 WorkerThread "GC Thread#7"                     [id=2856, stack(0x000000d335000000,0x000000d335100000) (1024K)]
  0x0000029ade6c1250 WorkerThread "GC Thread#8"                     [id=18688, stack(0x000000d335100000,0x000000d335200000) (1024K)]
  0x0000029ade6c0b10 WorkerThread "GC Thread#9"                     [id=15856, stack(0x000000d335200000,0x000000d335300000) (1024K)]
  0x0000029ade6bdbf0 WorkerThread "GC Thread#10"                    [id=16524, stack(0x000000d335300000,0x000000d335400000) (1024K)]
  0x0000029ade6be330 WorkerThread "GC Thread#11"                    [id=24464, stack(0x000000d335400000,0x000000d335500000) (1024K)]
  0x0000029ade6c0eb0 WorkerThread "GC Thread#12"                    [id=11256, stack(0x000000d335500000,0x000000d335600000) (1024K)]
  0x0000029aa52ce220 ConcurrentGCThread "G1 Main Marker"            [id=17628, stack(0x000000d332800000,0x000000d332900000) (1024K)]
  0x0000029aa52d0280 WorkerThread "G1 Conc#0"                       [id=6600, stack(0x000000d332900000,0x000000d332a00000) (1024K)]
  0x0000029ade6c15f0 WorkerThread "G1 Conc#1"                       [id=24412, stack(0x000000d335600000,0x000000d335700000) (1024K)]
  0x0000029ade6bdf90 WorkerThread "G1 Conc#2"                       [id=23892, stack(0x000000d335700000,0x000000d335800000) (1024K)]
  0x0000029ac0a7f650 ConcurrentGCThread "G1 Refine#0"               [id=23536, stack(0x000000d332a00000,0x000000d332b00000) (1024K)]
  0x0000029ac0a7fb80 ConcurrentGCThread "G1 Service"                [id=7316, stack(0x000000d332b00000,0x000000d332c00000) (1024K)]
Total: 21

Threads with active compile tasks:
C2 CompilerThread0     2213 3076   !   4       java.net.URLClassLoader$1::run (81 bytes)
C2 CompilerThread1     2213 3074   !   4       java.net.URLClassLoader::findClass (47 bytes)
C2 CompilerThread2     2213 3075       4       java.net.URLClassLoader$1::run (5 bytes)
C2 CompilerThread3     2213 3148       4       java.lang.Class::getPackageName (81 bytes)
Total: 4

VM state: not at safepoint (normal execution)

VM Mutex/Monitor currently owned by a thread: None

Heap address: 0x00000000e0000000, size: 512 MB, Compressed Oops mode: 32-bit

CDS archive(s) mapped at: [0x0000029ac1000000-0x0000029ac1c90000-0x0000029ac1c90000), size 13172736, SharedBaseAddress: 0x0000029ac1000000, ArchiveRelocationMode: 1.
Compressed class space mapped at: 0x0000029ac2000000-0x0000029ad6000000, reserved size: 335544320
Narrow klass base: 0x0000029ac1000000, Narrow klass shift: 0, Narrow klass range: 0x100000000

GC Precious Log:
 CardTable entry size: 512
 Card Set container configuration: InlinePtr #cards 5 size 8 Array Of Cards #cards 12 size 40 Howl #buckets 4 coarsen threshold 1843 Howl Bitmap #cards 512 size 80 coarsen threshold 460 Card regions per heap region 1 cards per card region 2048
 CPUs: 16 total, 16 available
 Memory: 16125M
 Large Page Support: Disabled
 NUMA Support: Disabled
 Compressed Oops: Enabled (32-bit)
 Heap Region Size: 1M
 Heap Min Capacity: 256M
 Heap Initial Capacity: 256M
 Heap Max Capacity: 512M
 Pre-touch: Disabled
 Parallel Workers: 13
 Concurrent Workers: 3
 Concurrent Refinement Workers: 13
 Periodic GC: Disabled

Heap:
 garbage-first heap   total 262144K, used 34007K [0x00000000e0000000, 0x0000000100000000)
  region size 1024K, 28 young (28672K), 17 survivors (17408K)
 Metaspace       used 22052K, committed 22720K, reserved 393216K
  class space    used 3047K, committed 3328K, reserved 327680K

Heap Regions: E=young(eden), S=young(survivor), O=old, HS=humongous(starts), HC=humongous(continues), CS=collection set, F=free, TAMS=top-at-mark-start, PB=parsable bottom
|   0|0x00000000e0000000, 0x00000000e0100000, 0x00000000e0100000|100%|HS|  |TAMS 0x00000000e0000000| PB 0x00000000e0000000| Complete 
|   1|0x00000000e0100000, 0x00000000e0200000, 0x00000000e0200000|100%|HC|  |TAMS 0x00000000e0100000| PB 0x00000000e0100000| Complete 
|   2|0x00000000e0200000, 0x00000000e0300000, 0x00000000e0300000|100%|HC|  |TAMS 0x00000000e0200000| PB 0x00000000e0200000| Complete 
|   3|0x00000000e0300000, 0x00000000e0400000, 0x00000000e0400000|100%|HC|  |TAMS 0x00000000e0300000| PB 0x00000000e0300000| Complete 
|   4|0x00000000e0400000, 0x00000000e0500000, 0x00000000e0500000|100%| O|  |TAMS 0x00000000e0400000| PB 0x00000000e0400000| Untracked 
|   5|0x00000000e0500000, 0x00000000e0600000, 0x00000000e0600000|100%| O|  |TAMS 0x00000000e0500000| PB 0x00000000e0500000| Untracked 
|   6|0x00000000e0600000, 0x00000000e06101f0, 0x00000000e0700000|  6%| O|  |TAMS 0x00000000e0600000| PB 0x00000000e0600000| Untracked 
|   7|0x00000000e0700000, 0x00000000e0800000, 0x00000000e0800000|100%|HS|  |TAMS 0x00000000e0700000| PB 0x00000000e0700000| Complete 
|   8|0x00000000e0800000, 0x00000000e0800000, 0x00000000e0900000|  0%| F|  |TAMS 0x00000000e0800000| PB 0x00000000e0800000| Untracked 
|   9|0x00000000e0900000, 0x00000000e0900000, 0x00000000e0a00000|  0%| F|  |TAMS 0x00000000e0900000| PB 0x00000000e0900000| Untracked 
|  10|0x00000000e0a00000, 0x00000000e0a00000, 0x00000000e0b00000|  0%| F|  |TAMS 0x00000000e0a00000| PB 0x00000000e0a00000| Untracked 
|  11|0x00000000e0b00000, 0x00000000e0b00000, 0x00000000e0c00000|  0%| F|  |TAMS 0x00000000e0b00000| PB 0x00000000e0b00000| Untracked 
|  12|0x00000000e0c00000, 0x00000000e0c00000, 0x00000000e0d00000|  0%| F|  |TAMS 0x00000000e0c00000| PB 0x00000000e0c00000| Untracked 
|  13|0x00000000e0d00000, 0x00000000e0d00000, 0x00000000e0e00000|  0%| F|  |TAMS 0x00000000e0d00000| PB 0x00000000e0d00000| Untracked 
|  14|0x00000000e0e00000, 0x00000000e0e00000, 0x00000000e0f00000|  0%| F|  |TAMS 0x00000000e0e00000| PB 0x00000000e0e00000| Untracked 
|  15|0x00000000e0f00000, 0x00000000e0f00000, 0x00000000e1000000|  0%| F|  |TAMS 0x00000000e0f00000| PB 0x00000000e0f00000| Untracked 
|  16|0x00000000e1000000, 0x00000000e1000000, 0x00000000e1100000|  0%| F|  |TAMS 0x00000000e1000000| PB 0x00000000e1000000| Untracked 
|  17|0x00000000e1100000, 0x00000000e1100000, 0x00000000e1200000|  0%| F|  |TAMS 0x00000000e1100000| PB 0x00000000e1100000| Untracked 
|  18|0x00000000e1200000, 0x00000000e1200000, 0x00000000e1300000|  0%| F|  |TAMS 0x00000000e1200000| PB 0x00000000e1200000| Untracked 
|  19|0x00000000e1300000, 0x00000000e1300000, 0x00000000e1400000|  0%| F|  |TAMS 0x00000000e1300000| PB 0x00000000e1300000| Untracked 
|  20|0x00000000e1400000, 0x00000000e1400000, 0x00000000e1500000|  0%| F|  |TAMS 0x00000000e1400000| PB 0x00000000e1400000| Untracked 
|  21|0x00000000e1500000, 0x00000000e1500000, 0x00000000e1600000|  0%| F|  |TAMS 0x00000000e1500000| PB 0x00000000e1500000| Untracked 
|  22|0x00000000e1600000, 0x00000000e1600000, 0x00000000e1700000|  0%| F|  |TAMS 0x00000000e1600000| PB 0x00000000e1600000| Untracked 
|  23|0x00000000e1700000, 0x00000000e1700000, 0x00000000e1800000|  0%| F|  |TAMS 0x00000000e1700000| PB 0x00000000e1700000| Untracked 
|  24|0x00000000e1800000, 0x00000000e1800000, 0x00000000e1900000|  0%| F|  |TAMS 0x00000000e1800000| PB 0x00000000e1800000| Untracked 
|  25|0x00000000e1900000, 0x00000000e1900000, 0x00000000e1a00000|  0%| F|  |TAMS 0x00000000e1900000| PB 0x00000000e1900000| Untracked 
|  26|0x00000000e1a00000, 0x00000000e1a00000, 0x00000000e1b00000|  0%| F|  |TAMS 0x00000000e1a00000| PB 0x00000000e1a00000| Untracked 
|  27|0x00000000e1b00000, 0x00000000e1b00000, 0x00000000e1c00000|  0%| F|  |TAMS 0x00000000e1b00000| PB 0x00000000e1b00000| Untracked 
|  28|0x00000000e1c00000, 0x00000000e1c00000, 0x00000000e1d00000|  0%| F|  |TAMS 0x00000000e1c00000| PB 0x00000000e1c00000| Untracked 
|  29|0x00000000e1d00000, 0x00000000e1d00000, 0x00000000e1e00000|  0%| F|  |TAMS 0x00000000e1d00000| PB 0x00000000e1d00000| Untracked 
|  30|0x00000000e1e00000, 0x00000000e1e00000, 0x00000000e1f00000|  0%| F|  |TAMS 0x00000000e1e00000| PB 0x00000000e1e00000| Untracked 
|  31|0x00000000e1f00000, 0x00000000e1f00000, 0x00000000e2000000|  0%| F|  |TAMS 0x00000000e1f00000| PB 0x00000000e1f00000| Untracked 
|  32|0x00000000e2000000, 0x00000000e2000000, 0x00000000e2100000|  0%| F|  |TAMS 0x00000000e2000000| PB 0x00000000e2000000| Untracked 
|  33|0x00000000e2100000, 0x00000000e2100000, 0x00000000e2200000|  0%| F|  |TAMS 0x00000000e2100000| PB 0x00000000e2100000| Untracked 
|  34|0x00000000e2200000, 0x00000000e2200000, 0x00000000e2300000|  0%| F|  |TAMS 0x00000000e2200000| PB 0x00000000e2200000| Untracked 
|  35|0x00000000e2300000, 0x00000000e2300000, 0x00000000e2400000|  0%| F|  |TAMS 0x00000000e2300000| PB 0x00000000e2300000| Untracked 
|  36|0x00000000e2400000, 0x00000000e2400000, 0x00000000e2500000|  0%| F|  |TAMS 0x00000000e2400000| PB 0x00000000e2400000| Untracked 
|  37|0x00000000e2500000, 0x00000000e2500000, 0x00000000e2600000|  0%| F|  |TAMS 0x00000000e2500000| PB 0x00000000e2500000| Untracked 
|  38|0x00000000e2600000, 0x00000000e2600000, 0x00000000e2700000|  0%| F|  |TAMS 0x00000000e2600000| PB 0x00000000e2600000| Untracked 
|  39|0x00000000e2700000, 0x00000000e2700000, 0x00000000e2800000|  0%| F|  |TAMS 0x00000000e2700000| PB 0x00000000e2700000| Untracked 
|  40|0x00000000e2800000, 0x00000000e2800000, 0x00000000e2900000|  0%| F|  |TAMS 0x00000000e2800000| PB 0x00000000e2800000| Untracked 
|  41|0x00000000e2900000, 0x00000000e2900000, 0x00000000e2a00000|  0%| F|  |TAMS 0x00000000e2900000| PB 0x00000000e2900000| Untracked 
|  42|0x00000000e2a00000, 0x00000000e2a00000, 0x00000000e2b00000|  0%| F|  |TAMS 0x00000000e2a00000| PB 0x00000000e2a00000| Untracked 
|  43|0x00000000e2b00000, 0x00000000e2b00000, 0x00000000e2c00000|  0%| F|  |TAMS 0x00000000e2b00000| PB 0x00000000e2b00000| Untracked 
|  44|0x00000000e2c00000, 0x00000000e2c00000, 0x00000000e2d00000|  0%| F|  |TAMS 0x00000000e2c00000| PB 0x00000000e2c00000| Untracked 
|  45|0x00000000e2d00000, 0x00000000e2d00000, 0x00000000e2e00000|  0%| F|  |TAMS 0x00000000e2d00000| PB 0x00000000e2d00000| Untracked 
|  46|0x00000000e2e00000, 0x00000000e2e00000, 0x00000000e2f00000|  0%| F|  |TAMS 0x00000000e2e00000| PB 0x00000000e2e00000| Untracked 
|  47|0x00000000e2f00000, 0x00000000e2f00000, 0x00000000e3000000|  0%| F|  |TAMS 0x00000000e2f00000| PB 0x00000000e2f00000| Untracked 
|  48|0x00000000e3000000, 0x00000000e3000000, 0x00000000e3100000|  0%| F|  |TAMS 0x00000000e3000000| PB 0x00000000e3000000| Untracked 
|  49|0x00000000e3100000, 0x00000000e3100000, 0x00000000e3200000|  0%| F|  |TAMS 0x00000000e3100000| PB 0x00000000e3100000| Untracked 
|  50|0x00000000e3200000, 0x00000000e3200000, 0x00000000e3300000|  0%| F|  |TAMS 0x00000000e3200000| PB 0x00000000e3200000| Untracked 
|  51|0x00000000e3300000, 0x00000000e3300000, 0x00000000e3400000|  0%| F|  |TAMS 0x00000000e3300000| PB 0x00000000e3300000| Untracked 
|  52|0x00000000e3400000, 0x00000000e3400000, 0x00000000e3500000|  0%| F|  |TAMS 0x00000000e3400000| PB 0x00000000e3400000| Untracked 
|  53|0x00000000e3500000, 0x00000000e3500000, 0x00000000e3600000|  0%| F|  |TAMS 0x00000000e3500000| PB 0x00000000e3500000| Untracked 
|  54|0x00000000e3600000, 0x00000000e3600000, 0x00000000e3700000|  0%| F|  |TAMS 0x00000000e3600000| PB 0x00000000e3600000| Untracked 
|  55|0x00000000e3700000, 0x00000000e3700000, 0x00000000e3800000|  0%| F|  |TAMS 0x00000000e3700000| PB 0x00000000e3700000| Untracked 
|  56|0x00000000e3800000, 0x00000000e3800000, 0x00000000e3900000|  0%| F|  |TAMS 0x00000000e3800000| PB 0x00000000e3800000| Untracked 
|  57|0x00000000e3900000, 0x00000000e3900000, 0x00000000e3a00000|  0%| F|  |TAMS 0x00000000e3900000| PB 0x00000000e3900000| Untracked 
|  58|0x00000000e3a00000, 0x00000000e3a00000, 0x00000000e3b00000|  0%| F|  |TAMS 0x00000000e3a00000| PB 0x00000000e3a00000| Untracked 
|  59|0x00000000e3b00000, 0x00000000e3b00000, 0x00000000e3c00000|  0%| F|  |TAMS 0x00000000e3b00000| PB 0x00000000e3b00000| Untracked 
|  60|0x00000000e3c00000, 0x00000000e3c00000, 0x00000000e3d00000|  0%| F|  |TAMS 0x00000000e3c00000| PB 0x00000000e3c00000| Untracked 
|  61|0x00000000e3d00000, 0x00000000e3d00000, 0x00000000e3e00000|  0%| F|  |TAMS 0x00000000e3d00000| PB 0x00000000e3d00000| Untracked 
|  62|0x00000000e3e00000, 0x00000000e3e00000, 0x00000000e3f00000|  0%| F|  |TAMS 0x00000000e3e00000| PB 0x00000000e3e00000| Untracked 
|  63|0x00000000e3f00000, 0x00000000e3f00000, 0x00000000e4000000|  0%| F|  |TAMS 0x00000000e3f00000| PB 0x00000000e3f00000| Untracked 
|  64|0x00000000e4000000, 0x00000000e4000000, 0x00000000e4100000|  0%| F|  |TAMS 0x00000000e4000000| PB 0x00000000e4000000| Untracked 
|  65|0x00000000e4100000, 0x00000000e4100000, 0x00000000e4200000|  0%| F|  |TAMS 0x00000000e4100000| PB 0x00000000e4100000| Untracked 
|  66|0x00000000e4200000, 0x00000000e4200000, 0x00000000e4300000|  0%| F|  |TAMS 0x00000000e4200000| PB 0x00000000e4200000| Untracked 
|  67|0x00000000e4300000, 0x00000000e4300000, 0x00000000e4400000|  0%| F|  |TAMS 0x00000000e4300000| PB 0x00000000e4300000| Untracked 
|  68|0x00000000e4400000, 0x00000000e4400000, 0x00000000e4500000|  0%| F|  |TAMS 0x00000000e4400000| PB 0x00000000e4400000| Untracked 
|  69|0x00000000e4500000, 0x00000000e4500000, 0x00000000e4600000|  0%| F|  |TAMS 0x00000000e4500000| PB 0x00000000e4500000| Untracked 
|  70|0x00000000e4600000, 0x00000000e4600000, 0x00000000e4700000|  0%| F|  |TAMS 0x00000000e4600000| PB 0x00000000e4600000| Untracked 
|  71|0x00000000e4700000, 0x00000000e4700000, 0x00000000e4800000|  0%| F|  |TAMS 0x00000000e4700000| PB 0x00000000e4700000| Untracked 
|  72|0x00000000e4800000, 0x00000000e4800000, 0x00000000e4900000|  0%| F|  |TAMS 0x00000000e4800000| PB 0x00000000e4800000| Untracked 
|  73|0x00000000e4900000, 0x00000000e4900000, 0x00000000e4a00000|  0%| F|  |TAMS 0x00000000e4900000| PB 0x00000000e4900000| Untracked 
|  74|0x00000000e4a00000, 0x00000000e4a00000, 0x00000000e4b00000|  0%| F|  |TAMS 0x00000000e4a00000| PB 0x00000000e4a00000| Untracked 
|  75|0x00000000e4b00000, 0x00000000e4b00000, 0x00000000e4c00000|  0%| F|  |TAMS 0x00000000e4b00000| PB 0x00000000e4b00000| Untracked 
|  76|0x00000000e4c00000, 0x00000000e4c00000, 0x00000000e4d00000|  0%| F|  |TAMS 0x00000000e4c00000| PB 0x00000000e4c00000| Untracked 
|  77|0x00000000e4d00000, 0x00000000e4d00000, 0x00000000e4e00000|  0%| F|  |TAMS 0x00000000e4d00000| PB 0x00000000e4d00000| Untracked 
|  78|0x00000000e4e00000, 0x00000000e4e00000, 0x00000000e4f00000|  0%| F|  |TAMS 0x00000000e4e00000| PB 0x00000000e4e00000| Untracked 
|  79|0x00000000e4f00000, 0x00000000e4f00000, 0x00000000e5000000|  0%| F|  |TAMS 0x00000000e4f00000| PB 0x00000000e4f00000| Untracked 
|  80|0x00000000e5000000, 0x00000000e5000000, 0x00000000e5100000|  0%| F|  |TAMS 0x00000000e5000000| PB 0x00000000e5000000| Untracked 
|  81|0x00000000e5100000, 0x00000000e5100000, 0x00000000e5200000|  0%| F|  |TAMS 0x00000000e5100000| PB 0x00000000e5100000| Untracked 
|  82|0x00000000e5200000, 0x00000000e5200000, 0x00000000e5300000|  0%| F|  |TAMS 0x00000000e5200000| PB 0x00000000e5200000| Untracked 
|  83|0x00000000e5300000, 0x00000000e5300000, 0x00000000e5400000|  0%| F|  |TAMS 0x00000000e5300000| PB 0x00000000e5300000| Untracked 
|  84|0x00000000e5400000, 0x00000000e5400000, 0x00000000e5500000|  0%| F|  |TAMS 0x00000000e5400000| PB 0x00000000e5400000| Untracked 
|  85|0x00000000e5500000, 0x00000000e5500000, 0x00000000e5600000|  0%| F|  |TAMS 0x00000000e5500000| PB 0x00000000e5500000| Untracked 
|  86|0x00000000e5600000, 0x00000000e5600000, 0x00000000e5700000|  0%| F|  |TAMS 0x00000000e5600000| PB 0x00000000e5600000| Untracked 
|  87|0x00000000e5700000, 0x00000000e5700000, 0x00000000e5800000|  0%| F|  |TAMS 0x00000000e5700000| PB 0x00000000e5700000| Untracked 
|  88|0x00000000e5800000, 0x00000000e5800000, 0x00000000e5900000|  0%| F|  |TAMS 0x00000000e5800000| PB 0x00000000e5800000| Untracked 
|  89|0x00000000e5900000, 0x00000000e5900000, 0x00000000e5a00000|  0%| F|  |TAMS 0x00000000e5900000| PB 0x00000000e5900000| Untracked 
|  90|0x00000000e5a00000, 0x00000000e5a00000, 0x00000000e5b00000|  0%| F|  |TAMS 0x00000000e5a00000| PB 0x00000000e5a00000| Untracked 
|  91|0x00000000e5b00000, 0x00000000e5b00000, 0x00000000e5c00000|  0%| F|  |TAMS 0x00000000e5b00000| PB 0x00000000e5b00000| Untracked 
|  92|0x00000000e5c00000, 0x00000000e5c00000, 0x00000000e5d00000|  0%| F|  |TAMS 0x00000000e5c00000| PB 0x00000000e5c00000| Untracked 
|  93|0x00000000e5d00000, 0x00000000e5d00000, 0x00000000e5e00000|  0%| F|  |TAMS 0x00000000e5d00000| PB 0x00000000e5d00000| Untracked 
|  94|0x00000000e5e00000, 0x00000000e5e00000, 0x00000000e5f00000|  0%| F|  |TAMS 0x00000000e5e00000| PB 0x00000000e5e00000| Untracked 
|  95|0x00000000e5f00000, 0x00000000e5f00000, 0x00000000e6000000|  0%| F|  |TAMS 0x00000000e5f00000| PB 0x00000000e5f00000| Untracked 
|  96|0x00000000e6000000, 0x00000000e6000000, 0x00000000e6100000|  0%| F|  |TAMS 0x00000000e6000000| PB 0x00000000e6000000| Untracked 
|  97|0x00000000e6100000, 0x00000000e6100000, 0x00000000e6200000|  0%| F|  |TAMS 0x00000000e6100000| PB 0x00000000e6100000| Untracked 
|  98|0x00000000e6200000, 0x00000000e6200000, 0x00000000e6300000|  0%| F|  |TAMS 0x00000000e6200000| PB 0x00000000e6200000| Untracked 
|  99|0x00000000e6300000, 0x00000000e6300000, 0x00000000e6400000|  0%| F|  |TAMS 0x00000000e6300000| PB 0x00000000e6300000| Untracked 
| 100|0x00000000e6400000, 0x00000000e6400000, 0x00000000e6500000|  0%| F|  |TAMS 0x00000000e6400000| PB 0x00000000e6400000| Untracked 
| 101|0x00000000e6500000, 0x00000000e6525dc0, 0x00000000e6600000| 14%| S|CS|TAMS 0x00000000e6500000| PB 0x00000000e6500000| Complete 
| 102|0x00000000e6600000, 0x00000000e6700000, 0x00000000e6700000|100%| S|CS|TAMS 0x00000000e6600000| PB 0x00000000e6600000| Complete 
| 103|0x00000000e6700000, 0x00000000e6800000, 0x00000000e6800000|100%| S|CS|TAMS 0x00000000e6700000| PB 0x00000000e6700000| Complete 
| 104|0x00000000e6800000, 0x00000000e6900000, 0x00000000e6900000|100%| S|CS|TAMS 0x00000000e6800000| PB 0x00000000e6800000| Complete 
| 105|0x00000000e6900000, 0x00000000e6a00000, 0x00000000e6a00000|100%| S|CS|TAMS 0x00000000e6900000| PB 0x00000000e6900000| Complete 
| 106|0x00000000e6a00000, 0x00000000e6b00000, 0x00000000e6b00000|100%| S|CS|TAMS 0x00000000e6a00000| PB 0x00000000e6a00000| Complete 
| 107|0x00000000e6b00000, 0x00000000e6c00000, 0x00000000e6c00000|100%| S|CS|TAMS 0x00000000e6b00000| PB 0x00000000e6b00000| Complete 
| 108|0x00000000e6c00000, 0x00000000e6d00000, 0x00000000e6d00000|100%| S|CS|TAMS 0x00000000e6c00000| PB 0x00000000e6c00000| Complete 
| 109|0x00000000e6d00000, 0x00000000e6e00000, 0x00000000e6e00000|100%| S|CS|TAMS 0x00000000e6d00000| PB 0x00000000e6d00000| Complete 
| 110|0x00000000e6e00000, 0x00000000e6f00000, 0x00000000e6f00000|100%| S|CS|TAMS 0x00000000e6e00000| PB 0x00000000e6e00000| Complete 
| 111|0x00000000e6f00000, 0x00000000e7000000, 0x00000000e7000000|100%| S|CS|TAMS 0x00000000e6f00000| PB 0x00000000e6f00000| Complete 
| 112|0x00000000e7000000, 0x00000000e7100000, 0x00000000e7100000|100%| S|CS|TAMS 0x00000000e7000000| PB 0x00000000e7000000| Complete 
| 113|0x00000000e7100000, 0x00000000e7200000, 0x00000000e7200000|100%| S|CS|TAMS 0x00000000e7100000| PB 0x00000000e7100000| Complete 
| 114|0x00000000e7200000, 0x00000000e7300000, 0x00000000e7300000|100%| S|CS|TAMS 0x00000000e7200000| PB 0x00000000e7200000| Complete 
| 115|0x00000000e7300000, 0x00000000e7400000, 0x00000000e7400000|100%| S|CS|TAMS 0x00000000e7300000| PB 0x00000000e7300000| Complete 
| 116|0x00000000e7400000, 0x00000000e7500000, 0x00000000e7500000|100%| S|CS|TAMS 0x00000000e7400000| PB 0x00000000e7400000| Complete 
| 117|0x00000000e7500000, 0x00000000e7600000, 0x00000000e7600000|100%| S|CS|TAMS 0x00000000e7500000| PB 0x00000000e7500000| Complete 
| 118|0x00000000e7600000, 0x00000000e7600000, 0x00000000e7700000|  0%| F|  |TAMS 0x00000000e7600000| PB 0x00000000e7600000| Untracked 
| 119|0x00000000e7700000, 0x00000000e7700000, 0x00000000e7800000|  0%| F|  |TAMS 0x00000000e7700000| PB 0x00000000e7700000| Untracked 
| 120|0x00000000e7800000, 0x00000000e7800000, 0x00000000e7900000|  0%| F|  |TAMS 0x00000000e7800000| PB 0x00000000e7800000| Untracked 
| 121|0x00000000e7900000, 0x00000000e7900000, 0x00000000e7a00000|  0%| F|  |TAMS 0x00000000e7900000| PB 0x00000000e7900000| Untracked 
| 122|0x00000000e7a00000, 0x00000000e7a00000, 0x00000000e7b00000|  0%| F|  |TAMS 0x00000000e7a00000| PB 0x00000000e7a00000| Untracked 
| 123|0x00000000e7b00000, 0x00000000e7b00000, 0x00000000e7c00000|  0%| F|  |TAMS 0x00000000e7b00000| PB 0x00000000e7b00000| Untracked 
| 124|0x00000000e7c00000, 0x00000000e7c00000, 0x00000000e7d00000|  0%| F|  |TAMS 0x00000000e7c00000| PB 0x00000000e7c00000| Untracked 
| 125|0x00000000e7d00000, 0x00000000e7d00000, 0x00000000e7e00000|  0%| F|  |TAMS 0x00000000e7d00000| PB 0x00000000e7d00000| Untracked 
| 126|0x00000000e7e00000, 0x00000000e7e00000, 0x00000000e7f00000|  0%| F|  |TAMS 0x00000000e7e00000| PB 0x00000000e7e00000| Untracked 
| 127|0x00000000e7f00000, 0x00000000e7f00000, 0x00000000e8000000|  0%| F|  |TAMS 0x00000000e7f00000| PB 0x00000000e7f00000| Untracked 
| 128|0x00000000e8000000, 0x00000000e8000000, 0x00000000e8100000|  0%| F|  |TAMS 0x00000000e8000000| PB 0x00000000e8000000| Untracked 
| 129|0x00000000e8100000, 0x00000000e8100000, 0x00000000e8200000|  0%| F|  |TAMS 0x00000000e8100000| PB 0x00000000e8100000| Untracked 
| 130|0x00000000e8200000, 0x00000000e8200000, 0x00000000e8300000|  0%| F|  |TAMS 0x00000000e8200000| PB 0x00000000e8200000| Untracked 
| 131|0x00000000e8300000, 0x00000000e8300000, 0x00000000e8400000|  0%| F|  |TAMS 0x00000000e8300000| PB 0x00000000e8300000| Untracked 
| 132|0x00000000e8400000, 0x00000000e8400000, 0x00000000e8500000|  0%| F|  |TAMS 0x00000000e8400000| PB 0x00000000e8400000| Untracked 
| 133|0x00000000e8500000, 0x00000000e8500000, 0x00000000e8600000|  0%| F|  |TAMS 0x00000000e8500000| PB 0x00000000e8500000| Untracked 
| 134|0x00000000e8600000, 0x00000000e8600000, 0x00000000e8700000|  0%| F|  |TAMS 0x00000000e8600000| PB 0x00000000e8600000| Untracked 
| 135|0x00000000e8700000, 0x00000000e8700000, 0x00000000e8800000|  0%| F|  |TAMS 0x00000000e8700000| PB 0x00000000e8700000| Untracked 
| 136|0x00000000e8800000, 0x00000000e8800000, 0x00000000e8900000|  0%| F|  |TAMS 0x00000000e8800000| PB 0x00000000e8800000| Untracked 
| 137|0x00000000e8900000, 0x00000000e8900000, 0x00000000e8a00000|  0%| F|  |TAMS 0x00000000e8900000| PB 0x00000000e8900000| Untracked 
| 138|0x00000000e8a00000, 0x00000000e8a00000, 0x00000000e8b00000|  0%| F|  |TAMS 0x00000000e8a00000| PB 0x00000000e8a00000| Untracked 
| 139|0x00000000e8b00000, 0x00000000e8b00000, 0x00000000e8c00000|  0%| F|  |TAMS 0x00000000e8b00000| PB 0x00000000e8b00000| Untracked 
| 140|0x00000000e8c00000, 0x00000000e8c00000, 0x00000000e8d00000|  0%| F|  |TAMS 0x00000000e8c00000| PB 0x00000000e8c00000| Untracked 
| 141|0x00000000e8d00000, 0x00000000e8d00000, 0x00000000e8e00000|  0%| F|  |TAMS 0x00000000e8d00000| PB 0x00000000e8d00000| Untracked 
| 142|0x00000000e8e00000, 0x00000000e8e00000, 0x00000000e8f00000|  0%| F|  |TAMS 0x00000000e8e00000| PB 0x00000000e8e00000| Untracked 
| 143|0x00000000e8f00000, 0x00000000e8f00000, 0x00000000e9000000|  0%| F|  |TAMS 0x00000000e8f00000| PB 0x00000000e8f00000| Untracked 
| 144|0x00000000e9000000, 0x00000000e9000000, 0x00000000e9100000|  0%| F|  |TAMS 0x00000000e9000000| PB 0x00000000e9000000| Untracked 
| 145|0x00000000e9100000, 0x00000000e9100000, 0x00000000e9200000|  0%| F|  |TAMS 0x00000000e9100000| PB 0x00000000e9100000| Untracked 
| 146|0x00000000e9200000, 0x00000000e9200000, 0x00000000e9300000|  0%| F|  |TAMS 0x00000000e9200000| PB 0x00000000e9200000| Untracked 
| 147|0x00000000e9300000, 0x00000000e9300000, 0x00000000e9400000|  0%| F|  |TAMS 0x00000000e9300000| PB 0x00000000e9300000| Untracked 
| 148|0x00000000e9400000, 0x00000000e9400000, 0x00000000e9500000|  0%| F|  |TAMS 0x00000000e9400000| PB 0x00000000e9400000| Untracked 
| 149|0x00000000e9500000, 0x00000000e9500000, 0x00000000e9600000|  0%| F|  |TAMS 0x00000000e9500000| PB 0x00000000e9500000| Untracked 
| 150|0x00000000e9600000, 0x00000000e9600000, 0x00000000e9700000|  0%| F|  |TAMS 0x00000000e9600000| PB 0x00000000e9600000| Untracked 
| 151|0x00000000e9700000, 0x00000000e9700000, 0x00000000e9800000|  0%| F|  |TAMS 0x00000000e9700000| PB 0x00000000e9700000| Untracked 
| 152|0x00000000e9800000, 0x00000000e9800000, 0x00000000e9900000|  0%| F|  |TAMS 0x00000000e9800000| PB 0x00000000e9800000| Untracked 
| 153|0x00000000e9900000, 0x00000000e9900000, 0x00000000e9a00000|  0%| F|  |TAMS 0x00000000e9900000| PB 0x00000000e9900000| Untracked 
| 154|0x00000000e9a00000, 0x00000000e9a00000, 0x00000000e9b00000|  0%| F|  |TAMS 0x00000000e9a00000| PB 0x00000000e9a00000| Untracked 
| 155|0x00000000e9b00000, 0x00000000e9b00000, 0x00000000e9c00000|  0%| F|  |TAMS 0x00000000e9b00000| PB 0x00000000e9b00000| Untracked 
| 156|0x00000000e9c00000, 0x00000000e9c00000, 0x00000000e9d00000|  0%| F|  |TAMS 0x00000000e9c00000| PB 0x00000000e9c00000| Untracked 
| 157|0x00000000e9d00000, 0x00000000e9d00000, 0x00000000e9e00000|  0%| F|  |TAMS 0x00000000e9d00000| PB 0x00000000e9d00000| Untracked 
| 158|0x00000000e9e00000, 0x00000000e9e00000, 0x00000000e9f00000|  0%| F|  |TAMS 0x00000000e9e00000| PB 0x00000000e9e00000| Untracked 
| 159|0x00000000e9f00000, 0x00000000e9f00000, 0x00000000ea000000|  0%| F|  |TAMS 0x00000000e9f00000| PB 0x00000000e9f00000| Untracked 
| 160|0x00000000ea000000, 0x00000000ea000000, 0x00000000ea100000|  0%| F|  |TAMS 0x00000000ea000000| PB 0x00000000ea000000| Untracked 
| 161|0x00000000ea100000, 0x00000000ea100000, 0x00000000ea200000|  0%| F|  |TAMS 0x00000000ea100000| PB 0x00000000ea100000| Untracked 
| 162|0x00000000ea200000, 0x00000000ea200000, 0x00000000ea300000|  0%| F|  |TAMS 0x00000000ea200000| PB 0x00000000ea200000| Untracked 
| 163|0x00000000ea300000, 0x00000000ea300000, 0x00000000ea400000|  0%| F|  |TAMS 0x00000000ea300000| PB 0x00000000ea300000| Untracked 
| 164|0x00000000ea400000, 0x00000000ea400000, 0x00000000ea500000|  0%| F|  |TAMS 0x00000000ea400000| PB 0x00000000ea400000| Untracked 
| 165|0x00000000ea500000, 0x00000000ea500000, 0x00000000ea600000|  0%| F|  |TAMS 0x00000000ea500000| PB 0x00000000ea500000| Untracked 
| 166|0x00000000ea600000, 0x00000000ea600000, 0x00000000ea700000|  0%| F|  |TAMS 0x00000000ea600000| PB 0x00000000ea600000| Untracked 
| 167|0x00000000ea700000, 0x00000000ea700000, 0x00000000ea800000|  0%| F|  |TAMS 0x00000000ea700000| PB 0x00000000ea700000| Untracked 
| 168|0x00000000ea800000, 0x00000000ea800000, 0x00000000ea900000|  0%| F|  |TAMS 0x00000000ea800000| PB 0x00000000ea800000| Untracked 
| 169|0x00000000ea900000, 0x00000000ea900000, 0x00000000eaa00000|  0%| F|  |TAMS 0x00000000ea900000| PB 0x00000000ea900000| Untracked 
| 170|0x00000000eaa00000, 0x00000000eaa00000, 0x00000000eab00000|  0%| F|  |TAMS 0x00000000eaa00000| PB 0x00000000eaa00000| Untracked 
| 171|0x00000000eab00000, 0x00000000eab00000, 0x00000000eac00000|  0%| F|  |TAMS 0x00000000eab00000| PB 0x00000000eab00000| Untracked 
| 172|0x00000000eac00000, 0x00000000eac00000, 0x00000000ead00000|  0%| F|  |TAMS 0x00000000eac00000| PB 0x00000000eac00000| Untracked 
| 173|0x00000000ead00000, 0x00000000ead00000, 0x00000000eae00000|  0%| F|  |TAMS 0x00000000ead00000| PB 0x00000000ead00000| Untracked 
| 174|0x00000000eae00000, 0x00000000eae00000, 0x00000000eaf00000|  0%| F|  |TAMS 0x00000000eae00000| PB 0x00000000eae00000| Untracked 
| 175|0x00000000eaf00000, 0x00000000eaf00000, 0x00000000eb000000|  0%| F|  |TAMS 0x00000000eaf00000| PB 0x00000000eaf00000| Untracked 
| 176|0x00000000eb000000, 0x00000000eb000000, 0x00000000eb100000|  0%| F|  |TAMS 0x00000000eb000000| PB 0x00000000eb000000| Untracked 
| 177|0x00000000eb100000, 0x00000000eb100000, 0x00000000eb200000|  0%| F|  |TAMS 0x00000000eb100000| PB 0x00000000eb100000| Untracked 
| 178|0x00000000eb200000, 0x00000000eb200000, 0x00000000eb300000|  0%| F|  |TAMS 0x00000000eb200000| PB 0x00000000eb200000| Untracked 
| 179|0x00000000eb300000, 0x00000000eb300000, 0x00000000eb400000|  0%| F|  |TAMS 0x00000000eb300000| PB 0x00000000eb300000| Untracked 
| 180|0x00000000eb400000, 0x00000000eb400000, 0x00000000eb500000|  0%| F|  |TAMS 0x00000000eb400000| PB 0x00000000eb400000| Untracked 
| 181|0x00000000eb500000, 0x00000000eb500000, 0x00000000eb600000|  0%| F|  |TAMS 0x00000000eb500000| PB 0x00000000eb500000| Untracked 
| 182|0x00000000eb600000, 0x00000000eb600000, 0x00000000eb700000|  0%| F|  |TAMS 0x00000000eb600000| PB 0x00000000eb600000| Untracked 
| 183|0x00000000eb700000, 0x00000000eb700000, 0x00000000eb800000|  0%| F|  |TAMS 0x00000000eb700000| PB 0x00000000eb700000| Untracked 
| 184|0x00000000eb800000, 0x00000000eb800000, 0x00000000eb900000|  0%| F|  |TAMS 0x00000000eb800000| PB 0x00000000eb800000| Untracked 
| 185|0x00000000eb900000, 0x00000000eb900000, 0x00000000eba00000|  0%| F|  |TAMS 0x00000000eb900000| PB 0x00000000eb900000| Untracked 
| 186|0x00000000eba00000, 0x00000000eba00000, 0x00000000ebb00000|  0%| F|  |TAMS 0x00000000eba00000| PB 0x00000000eba00000| Untracked 
| 187|0x00000000ebb00000, 0x00000000ebb00000, 0x00000000ebc00000|  0%| F|  |TAMS 0x00000000ebb00000| PB 0x00000000ebb00000| Untracked 
| 188|0x00000000ebc00000, 0x00000000ebc00000, 0x00000000ebd00000|  0%| F|  |TAMS 0x00000000ebc00000| PB 0x00000000ebc00000| Untracked 
| 189|0x00000000ebd00000, 0x00000000ebd00000, 0x00000000ebe00000|  0%| F|  |TAMS 0x00000000ebd00000| PB 0x00000000ebd00000| Untracked 
| 190|0x00000000ebe00000, 0x00000000ebe00000, 0x00000000ebf00000|  0%| F|  |TAMS 0x00000000ebe00000| PB 0x00000000ebe00000| Untracked 
| 191|0x00000000ebf00000, 0x00000000ebf00000, 0x00000000ec000000|  0%| F|  |TAMS 0x00000000ebf00000| PB 0x00000000ebf00000| Untracked 
| 192|0x00000000ec000000, 0x00000000ec000000, 0x00000000ec100000|  0%| F|  |TAMS 0x00000000ec000000| PB 0x00000000ec000000| Untracked 
| 193|0x00000000ec100000, 0x00000000ec100000, 0x00000000ec200000|  0%| F|  |TAMS 0x00000000ec100000| PB 0x00000000ec100000| Untracked 
| 194|0x00000000ec200000, 0x00000000ec200000, 0x00000000ec300000|  0%| F|  |TAMS 0x00000000ec200000| PB 0x00000000ec200000| Untracked 
| 195|0x00000000ec300000, 0x00000000ec300000, 0x00000000ec400000|  0%| F|  |TAMS 0x00000000ec300000| PB 0x00000000ec300000| Untracked 
| 196|0x00000000ec400000, 0x00000000ec400000, 0x00000000ec500000|  0%| F|  |TAMS 0x00000000ec400000| PB 0x00000000ec400000| Untracked 
| 197|0x00000000ec500000, 0x00000000ec500000, 0x00000000ec600000|  0%| F|  |TAMS 0x00000000ec500000| PB 0x00000000ec500000| Untracked 
| 198|0x00000000ec600000, 0x00000000ec600000, 0x00000000ec700000|  0%| F|  |TAMS 0x00000000ec600000| PB 0x00000000ec600000| Untracked 
| 199|0x00000000ec700000, 0x00000000ec700000, 0x00000000ec800000|  0%| F|  |TAMS 0x00000000ec700000| PB 0x00000000ec700000| Untracked 
| 200|0x00000000ec800000, 0x00000000ec800000, 0x00000000ec900000|  0%| F|  |TAMS 0x00000000ec800000| PB 0x00000000ec800000| Untracked 
| 201|0x00000000ec900000, 0x00000000ec900000, 0x00000000eca00000|  0%| F|  |TAMS 0x00000000ec900000| PB 0x00000000ec900000| Untracked 
| 202|0x00000000eca00000, 0x00000000eca00000, 0x00000000ecb00000|  0%| F|  |TAMS 0x00000000eca00000| PB 0x00000000eca00000| Untracked 
| 203|0x00000000ecb00000, 0x00000000ecb00000, 0x00000000ecc00000|  0%| F|  |TAMS 0x00000000ecb00000| PB 0x00000000ecb00000| Untracked 
| 204|0x00000000ecc00000, 0x00000000ecc00000, 0x00000000ecd00000|  0%| F|  |TAMS 0x00000000ecc00000| PB 0x00000000ecc00000| Untracked 
| 205|0x00000000ecd00000, 0x00000000ecd00000, 0x00000000ece00000|  0%| F|  |TAMS 0x00000000ecd00000| PB 0x00000000ecd00000| Untracked 
| 206|0x00000000ece00000, 0x00000000ece00000, 0x00000000ecf00000|  0%| F|  |TAMS 0x00000000ece00000| PB 0x00000000ece00000| Untracked 
| 207|0x00000000ecf00000, 0x00000000ecf00000, 0x00000000ed000000|  0%| F|  |TAMS 0x00000000ecf00000| PB 0x00000000ecf00000| Untracked 
| 208|0x00000000ed000000, 0x00000000ed000000, 0x00000000ed100000|  0%| F|  |TAMS 0x00000000ed000000| PB 0x00000000ed000000| Untracked 
| 209|0x00000000ed100000, 0x00000000ed100000, 0x00000000ed200000|  0%| F|  |TAMS 0x00000000ed100000| PB 0x00000000ed100000| Untracked 
| 210|0x00000000ed200000, 0x00000000ed200000, 0x00000000ed300000|  0%| F|  |TAMS 0x00000000ed200000| PB 0x00000000ed200000| Untracked 
| 211|0x00000000ed300000, 0x00000000ed300000, 0x00000000ed400000|  0%| F|  |TAMS 0x00000000ed300000| PB 0x00000000ed300000| Untracked 
| 212|0x00000000ed400000, 0x00000000ed400000, 0x00000000ed500000|  0%| F|  |TAMS 0x00000000ed400000| PB 0x00000000ed400000| Untracked 
| 213|0x00000000ed500000, 0x00000000ed500000, 0x00000000ed600000|  0%| F|  |TAMS 0x00000000ed500000| PB 0x00000000ed500000| Untracked 
| 214|0x00000000ed600000, 0x00000000ed600000, 0x00000000ed700000|  0%| F|  |TAMS 0x00000000ed600000| PB 0x00000000ed600000| Untracked 
| 215|0x00000000ed700000, 0x00000000ed700000, 0x00000000ed800000|  0%| F|  |TAMS 0x00000000ed700000| PB 0x00000000ed700000| Untracked 
| 216|0x00000000ed800000, 0x00000000ed800000, 0x00000000ed900000|  0%| F|  |TAMS 0x00000000ed800000| PB 0x00000000ed800000| Untracked 
| 217|0x00000000ed900000, 0x00000000ed900000, 0x00000000eda00000|  0%| F|  |TAMS 0x00000000ed900000| PB 0x00000000ed900000| Untracked 
| 218|0x00000000eda00000, 0x00000000eda00000, 0x00000000edb00000|  0%| F|  |TAMS 0x00000000eda00000| PB 0x00000000eda00000| Untracked 
| 219|0x00000000edb00000, 0x00000000edb00000, 0x00000000edc00000|  0%| F|  |TAMS 0x00000000edb00000| PB 0x00000000edb00000| Untracked 
| 220|0x00000000edc00000, 0x00000000edc00000, 0x00000000edd00000|  0%| F|  |TAMS 0x00000000edc00000| PB 0x00000000edc00000| Untracked 
| 221|0x00000000edd00000, 0x00000000edd00000, 0x00000000ede00000|  0%| F|  |TAMS 0x00000000edd00000| PB 0x00000000edd00000| Untracked 
| 222|0x00000000ede00000, 0x00000000ede00000, 0x00000000edf00000|  0%| F|  |TAMS 0x00000000ede00000| PB 0x00000000ede00000| Untracked 
| 223|0x00000000edf00000, 0x00000000edf00000, 0x00000000ee000000|  0%| F|  |TAMS 0x00000000edf00000| PB 0x00000000edf00000| Untracked 
| 224|0x00000000ee000000, 0x00000000ee000000, 0x00000000ee100000|  0%| F|  |TAMS 0x00000000ee000000| PB 0x00000000ee000000| Untracked 
| 225|0x00000000ee100000, 0x00000000ee100000, 0x00000000ee200000|  0%| F|  |TAMS 0x00000000ee100000| PB 0x00000000ee100000| Untracked 
| 226|0x00000000ee200000, 0x00000000ee200000, 0x00000000ee300000|  0%| F|  |TAMS 0x00000000ee200000| PB 0x00000000ee200000| Untracked 
| 227|0x00000000ee300000, 0x00000000ee300000, 0x00000000ee400000|  0%| F|  |TAMS 0x00000000ee300000| PB 0x00000000ee300000| Untracked 
| 228|0x00000000ee400000, 0x00000000ee400000, 0x00000000ee500000|  0%| F|  |TAMS 0x00000000ee400000| PB 0x00000000ee400000| Untracked 
| 229|0x00000000ee500000, 0x00000000ee500000, 0x00000000ee600000|  0%| F|  |TAMS 0x00000000ee500000| PB 0x00000000ee500000| Untracked 
| 230|0x00000000ee600000, 0x00000000ee600000, 0x00000000ee700000|  0%| F|  |TAMS 0x00000000ee600000| PB 0x00000000ee600000| Untracked 
| 231|0x00000000ee700000, 0x00000000ee700000, 0x00000000ee800000|  0%| F|  |TAMS 0x00000000ee700000| PB 0x00000000ee700000| Untracked 
| 232|0x00000000ee800000, 0x00000000ee800000, 0x00000000ee900000|  0%| F|  |TAMS 0x00000000ee800000| PB 0x00000000ee800000| Untracked 
| 233|0x00000000ee900000, 0x00000000ee900000, 0x00000000eea00000|  0%| F|  |TAMS 0x00000000ee900000| PB 0x00000000ee900000| Untracked 
| 234|0x00000000eea00000, 0x00000000eea00000, 0x00000000eeb00000|  0%| F|  |TAMS 0x00000000eea00000| PB 0x00000000eea00000| Untracked 
| 235|0x00000000eeb00000, 0x00000000eeb00000, 0x00000000eec00000|  0%| F|  |TAMS 0x00000000eeb00000| PB 0x00000000eeb00000| Untracked 
| 236|0x00000000eec00000, 0x00000000eec00000, 0x00000000eed00000|  0%| F|  |TAMS 0x00000000eec00000| PB 0x00000000eec00000| Untracked 
| 237|0x00000000eed00000, 0x00000000eed00000, 0x00000000eee00000|  0%| F|  |TAMS 0x00000000eed00000| PB 0x00000000eed00000| Untracked 
| 238|0x00000000eee00000, 0x00000000eee00000, 0x00000000eef00000|  0%| F|  |TAMS 0x00000000eee00000| PB 0x00000000eee00000| Untracked 
| 239|0x00000000eef00000, 0x00000000eef00000, 0x00000000ef000000|  0%| F|  |TAMS 0x00000000eef00000| PB 0x00000000eef00000| Untracked 
| 240|0x00000000ef000000, 0x00000000ef000000, 0x00000000ef100000|  0%| F|  |TAMS 0x00000000ef000000| PB 0x00000000ef000000| Untracked 
| 241|0x00000000ef100000, 0x00000000ef100000, 0x00000000ef200000|  0%| F|  |TAMS 0x00000000ef100000| PB 0x00000000ef100000| Untracked 
| 242|0x00000000ef200000, 0x00000000ef200000, 0x00000000ef300000|  0%| F|  |TAMS 0x00000000ef200000| PB 0x00000000ef200000| Untracked 
| 243|0x00000000ef300000, 0x00000000ef300000, 0x00000000ef400000|  0%| F|  |TAMS 0x00000000ef300000| PB 0x00000000ef300000| Untracked 
| 244|0x00000000ef400000, 0x00000000ef400000, 0x00000000ef500000|  0%| F|  |TAMS 0x00000000ef400000| PB 0x00000000ef400000| Untracked 
| 245|0x00000000ef500000, 0x00000000ef600000, 0x00000000ef600000|100%| E|  |TAMS 0x00000000ef500000| PB 0x00000000ef500000| Complete 
| 246|0x00000000ef600000, 0x00000000ef700000, 0x00000000ef700000|100%| E|CS|TAMS 0x00000000ef600000| PB 0x00000000ef600000| Complete 
| 247|0x00000000ef700000, 0x00000000ef800000, 0x00000000ef800000|100%| E|CS|TAMS 0x00000000ef700000| PB 0x00000000ef700000| Complete 
| 248|0x00000000ef800000, 0x00000000ef900000, 0x00000000ef900000|100%| E|CS|TAMS 0x00000000ef800000| PB 0x00000000ef800000| Complete 
| 249|0x00000000ef900000, 0x00000000efa00000, 0x00000000efa00000|100%| E|CS|TAMS 0x00000000ef900000| PB 0x00000000ef900000| Complete 
| 250|0x00000000efa00000, 0x00000000efb00000, 0x00000000efb00000|100%| E|CS|TAMS 0x00000000efa00000| PB 0x00000000efa00000| Complete 
| 251|0x00000000efb00000, 0x00000000efc00000, 0x00000000efc00000|100%| E|CS|TAMS 0x00000000efb00000| PB 0x00000000efb00000| Complete 
| 252|0x00000000efc00000, 0x00000000efd00000, 0x00000000efd00000|100%| E|CS|TAMS 0x00000000efc00000| PB 0x00000000efc00000| Complete 
| 253|0x00000000efd00000, 0x00000000efe00000, 0x00000000efe00000|100%| E|CS|TAMS 0x00000000efd00000| PB 0x00000000efd00000| Complete 
| 254|0x00000000efe00000, 0x00000000eff00000, 0x00000000eff00000|100%| E|CS|TAMS 0x00000000efe00000| PB 0x00000000efe00000| Complete 
| 255|0x00000000eff00000, 0x00000000f0000000, 0x00000000f0000000|100%| E|CS|TAMS 0x00000000eff00000| PB 0x00000000eff00000| Complete 

Card table byte_map: [0x0000029abd2f0000,0x0000029abd3f0000] _byte_map_base: 0x0000029abcbf0000

Marking Bits: (CMBitMap*) 0x0000029aa52c8ac0
 Bits: [0x0000029abd3f0000, 0x0000029abdbf0000)

Polling page: 0x0000029aa33c0000

Metaspace:

Usage:
  Non-class:     18.58 MB used.
      Class:      2.98 MB used.
       Both:     21.57 MB used.

Virtual space:
  Non-class space:       64.00 MB reserved,      18.94 MB ( 30%) committed,  1 nodes.
      Class space:      320.00 MB reserved,       3.25 MB (  1%) committed,  1 nodes.
             Both:      384.00 MB reserved,      22.19 MB (  6%) committed. 

Chunk freelists:
   Non-Class:  13.00 MB
       Class:  12.75 MB
        Both:  25.75 MB

MaxMetaspaceSize: 384.00 MB
CompressedClassSpaceSize: 320.00 MB
Initial GC threshold: 21.00 MB
Current GC threshold: 35.25 MB
CDS: on
 - commit_granule_bytes: 65536.
 - commit_granule_words: 8192.
 - virtual_space_node_default_size: 8388608.
 - enlarge_chunks_in_place: 1.
 - use_allocation_guard: 0.


Internal statistics:

num_allocs_failed_limit: 3.
num_arena_births: 932.
num_arena_deaths: 0.
num_vsnodes_births: 2.
num_vsnodes_deaths: 0.
num_space_committed: 355.
num_space_uncommitted: 0.
num_chunks_returned_to_freelist: 3.
num_chunks_taken_from_freelist: 1814.
num_chunk_merges: 3.
num_chunk_splits: 1189.
num_chunks_enlarged: 781.
num_inconsistent_stats: 0.

CodeHeap 'non-profiled nmethods': size=119168Kb used=1582Kb max_used=1582Kb free=117585Kb
 bounds [0x0000029ab5510000, 0x0000029ab5780000, 0x0000029abc970000]
CodeHeap 'profiled nmethods': size=119104Kb used=6329Kb max_used=6329Kb free=112775Kb
 bounds [0x0000029aad970000, 0x0000029aadfa0000, 0x0000029ab4dc0000]
CodeHeap 'non-nmethods': size=7488Kb used=3200Kb max_used=3304Kb free=4288Kb
 bounds [0x0000029ab4dc0000, 0x0000029ab5110000, 0x0000029ab5510000]
 total_blobs=3729 nmethods=3144 adapters=486
 compilation: enabled
              stopped_count=0, restarted_count=0
 full_count=0

Compilation events (20 events):
Event: 2.105 Thread 0x0000029ac0c06f40 3122   !   3       java.util.concurrent.ConcurrentHashMap::replaceNode (437 bytes)
Event: 2.106 Thread 0x0000029ac0c06f40 nmethod 3122 0x0000029aadf92710 code [0x0000029aadf92a80, 0x0000029aadf94308]
Event: 2.107 Thread 0x0000029ac0c06f40 3123   !   3       java.lang.invoke.InvokerBytecodeGenerator::resolveInvokerMember (43 bytes)
Event: 2.107 Thread 0x0000029ac0db5b20 3124       3       java.lang.invoke.LambdaForm$Name::<init> (23 bytes)
Event: 2.107 Thread 0x0000029ac0c06f40 nmethod 3123 0x0000029aadf95010 code [0x0000029aadf951e0, 0x0000029aadf95528]
Event: 2.107 Thread 0x0000029ac0db5b20 nmethod 3124 0x0000029aadf95690 code [0x0000029aadf958c0, 0x0000029aadf962f0]
Event: 2.114 Thread 0x0000029ac0db5b20 3127       3       java.util.List::of (64 bytes)
Event: 2.114 Thread 0x0000029adaec8de0 3128       3       java.util.ImmutableCollections$AbstractImmutableList::<init> (5 bytes)
Event: 2.115 Thread 0x0000029adaec8de0 nmethod 3128 0x0000029aadf96690 code [0x0000029aadf96840, 0x0000029aadf96a68]
Event: 2.115 Thread 0x0000029ac0db5b20 nmethod 3127 0x0000029aadf96b90 code [0x0000029aadf96e20, 0x0000029aadf97ac0]
Event: 2.152 Thread 0x0000029ac0db5b20 3133       3       org.gradle.internal.service.RelevantMethods$RelevantMethodsBuilder::add (101 bytes)
Event: 2.153 Thread 0x0000029adaec8de0 3134       3       java.lang.invoke.LambdaForm$MH/0x0000029ac20d0000::invoke (42 bytes)
Event: 2.153 Thread 0x0000029ac0db5b20 nmethod 3133 0x0000029aadf97f10 code [0x0000029aadf981e0, 0x0000029aadf98f00]
Event: 2.153 Thread 0x0000029adaec8de0 nmethod 3134 0x0000029aadf99490 code [0x0000029aadf99700, 0x0000029aadf9a3c8]
Event: 2.153 Thread 0x0000029ac0cc5ab0 3135       3       java.util.LinkedHashMap$LinkedValues::iterator (16 bytes)
Event: 2.153 Thread 0x0000029ac0c06f40 3136       3       java.util.LinkedHashMap$LinkedValueIterator::<init> (7 bytes)
Event: 2.154 Thread 0x0000029ac0c06f40 nmethod 3136 0x0000029aadf9a790 code [0x0000029aadf9a940, 0x0000029aadf9aa78]
Event: 2.154 Thread 0x0000029ac0cc5ab0 nmethod 3135 0x0000029aadf9ab10 code [0x0000029aadf9acc0, 0x0000029aadf9aed8]
Event: 2.154 Thread 0x0000029ac0db5b20 3137       3       jdk.internal.org.objectweb.asm.SymbolTable::hash (12 bytes)
Event: 2.154 Thread 0x0000029ac0db5b20 nmethod 3137 0x0000029aadf9b010 code [0x0000029aadf9b1c0, 0x0000029aadf9b2f8]

GC Heap History (6 events):
Event: 0.233 GC heap before
{Heap before GC invocations=0 (full 0):
 garbage-first heap   total 262144K, used 23552K [0x00000000e0000000, 0x0000000100000000)
  region size 1024K, 23 young (23552K), 0 survivors (0K)
 Metaspace       used 884K, committed 1024K, reserved 393216K
  class space    used 67K, committed 128K, reserved 327680K
}
Event: 0.234 GC heap after
{Heap after GC invocations=1 (full 0):
 garbage-first heap   total 262144K, used 1578K [0x00000000e0000000, 0x0000000100000000)
  region size 1024K, 2 young (2048K), 2 survivors (2048K)
 Metaspace       used 884K, committed 1024K, reserved 393216K
  class space    used 67K, committed 128K, reserved 327680K
}
Event: 0.644 GC heap before
{Heap before GC invocations=1 (full 0):
 garbage-first heap   total 262144K, used 41514K [0x00000000e0000000, 0x0000000100000000)
  region size 1024K, 38 young (38912K), 2 survivors (2048K)
 Metaspace       used 4682K, committed 4928K, reserved 393216K
  class space    used 577K, committed 704K, reserved 327680K
}
Event: 0.647 GC heap after
{Heap after GC invocations=2 (full 0):
 garbage-first heap   total 262144K, used 11328K [0x00000000e0000000, 0x0000000100000000)
  region size 1024K, 5 young (5120K), 5 survivors (5120K)
 Metaspace       used 4682K, committed 4928K, reserved 393216K
  class space    used 577K, committed 704K, reserved 327680K
}
Event: 2.084 GC heap before
{Heap before GC invocations=2 (full 0):
 garbage-first heap   total 262144K, used 149568K [0x00000000e0000000, 0x0000000100000000)
  region size 1024K, 138 young (141312K), 5 survivors (5120K)
 Metaspace       used 20992K, committed 21504K, reserved 393216K
  class space    used 2839K, committed 3072K, reserved 327680K
}
Event: 2.092 GC heap after
{Heap after GC invocations=3 (full 0):
 garbage-first heap   total 262144K, used 23767K [0x00000000e0000000, 0x0000000100000000)
  region size 1024K, 17 young (17408K), 17 survivors (17408K)
 Metaspace       used 20992K, committed 21504K, reserved 393216K
  class space    used 2839K, committed 3072K, reserved 327680K
}

Dll operation events (15 events):
Event: 0.007 Loaded shared library C:\Program Files\Java\bin\java.dll
Event: 0.034 Loaded shared library C:\Program Files\Java\bin\jsvml.dll
Event: 0.060 Loaded shared library C:\Program Files\Java\bin\zip.dll
Event: 0.063 Loaded shared library C:\Program Files\java\bin\instrument.dll
Event: 0.066 Loaded shared library C:\Program Files\java\bin\net.dll
Event: 0.067 Loaded shared library C:\Program Files\java\bin\nio.dll
Event: 0.068 Loaded shared library C:\Program Files\java\bin\zip.dll
Event: 0.236 Loaded shared library C:\Program Files\java\bin\jimage.dll
Event: 0.396 Loaded shared library C:\Program Files\Java\bin\verify.dll
Event: 0.416 Loaded shared library C:\Users\hecto\.gradle\native\660c5614fbf4a5f2a75b1949f50a0caf5cd603558e7d8a26e50b933a0cfb79d1\windows-amd64\native-platform.dll
Event: 0.427 Loaded shared library C:\Users\hecto\.gradle\native\0.2.8\x86_64-windows-gnu\gradle-fileevents.dll
Event: 1.089 Loaded shared library C:\Program Files\java\bin\management.dll
Event: 1.091 Loaded shared library C:\Program Files\java\bin\management_ext.dll
Event: 1.179 Loaded shared library C:\Program Files\java\bin\extnet.dll
Event: 1.325 Loaded shared library C:\Program Files\java\bin\sunmscapi.dll

Deoptimization events (20 events):
Event: 1.692 Thread 0x0000029adbd59b70 Uncommon trap: trap_request=0xffffff45 fr.pc=0x0000029ab560e230 relative=0x0000000000000090
Event: 1.692 Thread 0x0000029adbd59b70 Uncommon trap: reason=unstable_if action=reinterpret pc=0x0000029ab560e230 method=jdk.internal.misc.Unsafe.convEndian(ZI)I @ 4 c2
Event: 1.692 Thread 0x0000029adbd59b70 DEOPT PACKING pc=0x0000029ab560e230 sp=0x000000d3348fad10
Event: 1.692 Thread 0x0000029adbd59b70 DEOPT UNPACKING pc=0x0000029ab4e146a2 sp=0x000000d3348fac40 mode 2
Event: 1.711 Thread 0x0000029adbd59b70 Uncommon trap: trap_request=0xffffff45 fr.pc=0x0000029ab553398c relative=0x0000000000000d8c
Event: 1.711 Thread 0x0000029adbd59b70 Uncommon trap: reason=unstable_if action=reinterpret pc=0x0000029ab553398c method=java.io.WinNTFileSystem.resolve(Ljava/lang/String;Ljava/lang/String;)Ljava/lang/String; @ 19 c2
Event: 1.711 Thread 0x0000029adbd59b70 DEOPT PACKING pc=0x0000029ab553398c sp=0x000000d3348fb740
Event: 1.711 Thread 0x0000029adbd59b70 DEOPT UNPACKING pc=0x0000029ab4e146a2 sp=0x000000d3348fb6d8 mode 2
Event: 1.712 Thread 0x0000029adbd59b70 Uncommon trap: trap_request=0xffffff45 fr.pc=0x0000029ab554097c relative=0x000000000000069c
Event: 1.712 Thread 0x0000029adbd59b70 Uncommon trap: reason=unstable_if action=reinterpret pc=0x0000029ab554097c method=java.io.File.getName()Ljava/lang/String; @ 16 c2
Event: 1.712 Thread 0x0000029adbd59b70 DEOPT PACKING pc=0x0000029ab554097c sp=0x000000d3348fb700
Event: 1.712 Thread 0x0000029adbd59b70 DEOPT UNPACKING pc=0x0000029ab4e146a2 sp=0x000000d3348fb6d0 mode 2
Event: 1.759 Thread 0x0000029adbd59b70 Uncommon trap: trap_request=0xffffff45 fr.pc=0x0000029ab5537d1c relative=0x00000000000000fc
Event: 1.759 Thread 0x0000029adbd59b70 Uncommon trap: reason=unstable_if action=reinterpret pc=0x0000029ab5537d1c method=java.util.HashMap.hash(Ljava/lang/Object;)I @ 1 c2
Event: 1.759 Thread 0x0000029adbd59b70 DEOPT PACKING pc=0x0000029ab5537d1c sp=0x000000d3348fc530
Event: 1.759 Thread 0x0000029adbd59b70 DEOPT UNPACKING pc=0x0000029ab4e146a2 sp=0x000000d3348fc470 mode 2
Event: 1.928 Thread 0x0000029adbd59b70 DEOPT PACKING pc=0x0000029aade2c7e2 sp=0x000000d3348fbb20
Event: 1.928 Thread 0x0000029adbd59b70 DEOPT UNPACKING pc=0x0000029ab4e14e42 sp=0x000000d3348fb030 mode 0
Event: 1.937 Thread 0x0000029adbd59b70 DEOPT PACKING pc=0x0000029aade2c7c1 sp=0x000000d3348fb4c0
Event: 1.937 Thread 0x0000029adbd59b70 DEOPT UNPACKING pc=0x0000029ab4e14e42 sp=0x000000d3348fa9d0 mode 0

Classes loaded (20 events):
Event: 2.041 Loading class java/lang/ThreadLocal$SuppliedThreadLocal
Event: 2.041 Loading class java/lang/ThreadLocal$SuppliedThreadLocal done
Event: 2.053 Loading class java/io/ObjectOutputStream
Event: 2.053 Loading class java/io/ObjectOutput
Event: 2.053 Loading class java/io/ObjectOutput done
Event: 2.053 Loading class java/io/ObjectStreamConstants
Event: 2.053 Loading class java/io/ObjectStreamConstants done
Event: 2.054 Loading class java/io/ObjectOutputStream done
Event: 2.054 Loading class java/io/ObjectInputStream
Event: 2.054 Loading class java/io/ObjectInput
Event: 2.054 Loading class java/io/ObjectInput done
Event: 2.054 Loading class java/io/ObjectInputStream done
Event: 2.114 Loading class java/lang/invoke/BoundMethodHandle$Species_LLLLLLLLLLLLLLLLLLLLLLLL
Event: 2.114 Loading class java/lang/invoke/BoundMethodHandle$Species_LLLLLLLLLLLLLLLLLLLLLLLL done
Event: 2.119 Loading class java/lang/management/MemoryType
Event: 2.119 Loading class java/lang/management/MemoryType done
Event: 2.120 Loading class java/lang/management/MemoryUsage
Event: 2.120 Loading class java/lang/management/MemoryUsage done
Event: 2.120 Loading class java/util/concurrent/LinkedBlockingDeque$Node
Event: 2.120 Loading class java/util/concurrent/LinkedBlockingDeque$Node done

Classes unloaded (0 events):
No events

Classes redefined (0 events):
No events

Internal exceptions (20 events):
Event: 1.804 Thread 0x0000029adbd59b70 Exception <a 'java/lang/NoSuchMethodError'{0x00000000e8fdf278}: 'java.lang.Object java.lang.invoke.DirectMethodHandle$Holder.invokeStatic(java.lang.Object, java.lang.Object, java.lang.Object, java.lang.Object, java.lang.Object, java.lang.Object, java.lang.Object, java.lang.Object, java.lang.Object, java.lang.Object, java.lang.Object, java.lang.Object, java.lang.Object, java.lang.Object, java.lang.Object, java.lang.Object, java.lang.Object)'> (0x00000000e8fdf278) 
thrown [s\src\hotspot\share\interpreter\lin
Event: 1.806 Thread 0x0000029adbd59b70 Exception <a 'java/lang/NoSuchMethodError'{0x00000000e8e08540}: 'java.lang.Object java.lang.invoke.DirectMethodHandle$Holder.invokeStatic(java.lang.Object, java.lang.Object, java.lang.Object, java.lang.Object, java.lang.Object, java.lang.Object, java.lang.Object, java.lang.Object, java.lang.Object, java.lang.Object, java.lang.Object, java.lang.Object, java.lang.Object, java.lang.Object, java.lang.Object, java.lang.Object, java.lang.Object, java.lang.Object)'> (0x00000000e8e08540) 
thrown [s\src\hotspot\sha
Event: 1.807 Thread 0x0000029adbd59b70 Exception <a 'java/lang/NoSuchMethodError'{0x00000000e8e325d8}: 'java.lang.Object java.lang.invoke.DirectMethodHandle$Holder.invokeStatic(java.lang.Object, java.lang.Object, java.lang.Object, java.lang.Object, java.lang.Object, java.lang.Object, java.lang.Object, java.lang.Object, java.lang.Object, java.lang.Object, java.lang.Object, java.lang.Object, java.lang.Object, java.lang.Object, java.lang.Object, java.lang.Object, java.lang.Object, java.lang.Object, java.lang.Object)'> (0x00000000e8e325d8) 
thrown 
Event: 1.808 Thread 0x0000029adbd59b70 Exception <a 'java/lang/NoSuchMethodError'{0x00000000e8e5da98}: 'java.lang.Object java.lang.invoke.DirectMethodHandle$Holder.invokeStatic(java.lang.Object, java.lang.Object, java.lang.Object, java.lang.Object, java.lang.Object, java.lang.Object, java.lang.Object, java.lang.Object, java.lang.Object, java.lang.Object, java.lang.Object, java.lang.Object, java.lang.Object, java.lang.Object, java.lang.Object, java.lang.Object, java.lang.Object, java.lang.Object, java.lang.Object, java.lang.Object)'> (0x00000000
Event: 1.809 Thread 0x0000029adbd59b70 Exception <a 'java/lang/NoSuchMethodError'{0x00000000e8e8a3b8}: 'java.lang.Object java.lang.invoke.DirectMethodHandle$Holder.invokeStatic(java.lang.Object, java.lang.Object, java.lang.Object, java.lang.Object, java.lang.Object, java.lang.Object, java.lang.Object, java.lang.Object, java.lang.Object, java.lang.Object, java.lang.Object, java.lang.Object, java.lang.Object, java.lang.Object, java.lang.Object, java.lang.Object, java.lang.Object, java.lang.Object, java.lang.Object, java.lang.Object, java.lang.Obj
Event: 1.810 Thread 0x0000029adbd59b70 Exception <a 'java/lang/NoSuchMethodError'{0x00000000e8eb7b68}: 'java.lang.Object java.lang.invoke.DirectMethodHandle$Holder.invokeStatic(java.lang.Object, java.lang.Object, java.lang.Object, java.lang.Object, java.lang.Object, java.lang.Object, java.lang.Object, java.lang.Object, java.lang.Object, java.lang.Object, java.lang.Object, java.lang.Object, java.lang.Object, java.lang.Object, java.lang.Object, java.lang.Object, java.lang.Object, java.lang.Object, java.lang.Object, java.lang.Object, java.lang.Obj
Event: 1.811 Thread 0x0000029adbd59b70 Exception <a 'java/lang/NoSuchMethodError'{0x00000000e8ee5e30}: 'java.lang.Object java.lang.invoke.DirectMethodHandle$Holder.invokeStatic(java.lang.Object, java.lang.Object, java.lang.Object, java.lang.Object, java.lang.Object, java.lang.Object, java.lang.Object, java.lang.Object, java.lang.Object, java.lang.Object, java.lang.Object, java.lang.Object, java.lang.Object, java.lang.Object, java.lang.Object, java.lang.Object, java.lang.Object, java.lang.Object, java.lang.Object, java.lang.Object, java.lang.Obj
Event: 1.812 Thread 0x0000029adbd59b70 Exception <a 'java/lang/NoSuchMethodError'{0x00000000e8d154c0}: 'java.lang.Object java.lang.invoke.DirectMethodHandle$Holder.invokeStatic(java.lang.Object, java.lang.Object, java.lang.Object, java.lang.Object, java.lang.Object, java.lang.Object, java.lang.Object, java.lang.Object, java.lang.Object, java.lang.Object, java.lang.Object, java.lang.Object, java.lang.Object, java.lang.Object, java.lang.Object, java.lang.Object, java.lang.Object, java.lang.Object, java.lang.Object, java.lang.Object, java.lang.Obj
Event: 1.813 Thread 0x0000029adbd59b70 Exception <a 'java/lang/NoSuchMethodError'{0x00000000e8d452a8}: 'java.lang.Object java.lang.invoke.DirectMethodHandle$Holder.invokeStatic(java.lang.Object, java.lang.Object, java.lang.Object, java.lang.Object, java.lang.Object, java.lang.Object, java.lang.Object, java.lang.Object, java.lang.Object, java.lang.Object, java.lang.Object, java.lang.Object, java.lang.Object, java.lang.Object, java.lang.Object, java.lang.Object, java.lang.Object, java.lang.Object, java.lang.Object, java.lang.Object, java.lang.Obj
Event: 1.814 Thread 0x0000029adbd59b70 Exception <a 'java/lang/NoSuchMethodError'{0x00000000e8d769f0}: 'java.lang.Object java.lang.invoke.DirectMethodHandle$Holder.invokeStatic(java.lang.Object, java.lang.Object, java.lang.Object, java.lang.Object, java.lang.Object, java.lang.Object, java.lang.Object, java.lang.Object, java.lang.Object, java.lang.Object, java.lang.Object, java.lang.Object, java.lang.Object, java.lang.Object, java.lang.Object, java.lang.Object, java.lang.Object, java.lang.Object, java.lang.Object, java.lang.Object, java.lang.Obj
Event: 1.830 Thread 0x0000029adbd59b70 Exception <a 'java/lang/IncompatibleClassChangeError'{0x00000000e8ca7928}: Found class java.lang.Object, but interface was expected> (0x00000000e8ca7928) 
thrown [s\src\hotspot\share\interpreter\linkResolver.cpp, line 840]
Event: 2.007 Thread 0x0000029adbd59b70 Exception <a 'java/lang/NoSuchMethodError'{0x00000000e7d8a040}: 'java.lang.Object java.lang.invoke.DirectMethodHandle$Holder.invokeVirtual(java.lang.Object, java.lang.Object, java.lang.Object, java.lang.Object, java.lang.Object, java.lang.Object, java.lang.Object, java.lang.Object, java.lang.Object, java.lang.Object, java.lang.Object)'> (0x00000000e7d8a040) 
thrown [s\src\hotspot\share\interpreter\linkResolver.cpp, line 773]
Event: 2.013 Thread 0x0000029adbd59b70 Exception <a 'java/lang/NoSuchMethodError'{0x00000000e7c27cb8}: 'int java.lang.invoke.DirectMethodHandle$Holder.invokeStaticInit(java.lang.Object, java.lang.Object, java.lang.Object)'> (0x00000000e7c27cb8) 
thrown [s\src\hotspot\share\interpreter\linkResolver.cpp, line 773]
Event: 2.042 Thread 0x0000029adbd59b70 Exception <a 'java/lang/IncompatibleClassChangeError'{0x00000000e7ab4228}: Found class java.lang.Object, but interface was expected> (0x00000000e7ab4228) 
thrown [s\src\hotspot\share\interpreter\linkResolver.cpp, line 840]
Event: 2.045 Thread 0x0000029adbd59b70 Exception <a 'java/lang/NoSuchMethodError'{0x00000000e7ae0390}: 'java.lang.Object java.lang.invoke.DirectMethodHandle$Holder.newInvokeSpecial(java.lang.Object, java.lang.Object, java.lang.Object, java.lang.Object, java.lang.Object, java.lang.Object, java.lang.Object, java.lang.Object, java.lang.Object, java.lang.Object)'> (0x00000000e7ae0390) 
thrown [s\src\hotspot\share\interpreter\linkResolver.cpp, line 773]
Event: 2.111 Thread 0x0000029adbd59b70 Exception <a 'java/lang/NoSuchMethodError'{0x00000000efe90350}: 'java.lang.Object java.lang.invoke.DirectMethodHandle$Holder.invokeVirtual(java.lang.Object, java.lang.Object, java.lang.Object, java.lang.Object, java.lang.Object, java.lang.Object, java.lang.Object, java.lang.Object, java.lang.Object, java.lang.Object, java.lang.Object, java.lang.Object, java.lang.Object, java.lang.Object, java.lang.Object, java.lang.Object, java.lang.Object, java.lang.Object, java.lang.Object, java.lang.Object, java.lang.Ob
Event: 2.111 Thread 0x0000029adbd59b70 Exception <a 'java/lang/NoSuchMethodError'{0x00000000efe9cb38}: 'java.lang.Object java.lang.invoke.DelegatingMethodHandle$Holder.reinvoke_L(java.lang.Object, java.lang.Object, java.lang.Object, java.lang.Object, java.lang.Object, java.lang.Object, java.lang.Object, java.lang.Object, java.lang.Object, java.lang.Object, java.lang.Object, java.lang.Object, java.lang.Object, java.lang.Object, java.lang.Object, java.lang.Object, java.lang.Object, java.lang.Object, java.lang.Object, java.lang.Object, java.lang.O
Event: 2.115 Thread 0x0000029adbd59b70 Exception <a 'java/lang/NoSuchMethodError'{0x00000000efd6d360}: 'java.lang.Object java.lang.invoke.DirectMethodHandle$Holder.invokeStatic(java.lang.Object, java.lang.Object, java.lang.Object, java.lang.Object, java.lang.Object, java.lang.Object, java.lang.Object, java.lang.Object, java.lang.Object, java.lang.Object, java.lang.Object, java.lang.Object, java.lang.Object, java.lang.Object, java.lang.Object, java.lang.Object, java.lang.Object, java.lang.Object, java.lang.Object, java.lang.Object, java.lang.Obj
Event: 2.118 Thread 0x0000029adbd59b70 Exception <a 'java/lang/NoSuchMethodError'{0x00000000efdc1370}: 'int java.lang.invoke.DirectMethodHandle$Holder.invokeStatic(java.lang.Object, java.lang.Object, java.lang.Object, java.lang.Object)'> (0x00000000efdc1370) 
thrown [s\src\hotspot\share\interpreter\linkResolver.cpp, line 773]
Event: 2.154 Thread 0x0000029adbd59b70 Exception <a 'java/lang/NoSuchMethodError'{0x00000000efaa7018}: 'void java.lang.invoke.DirectMethodHandle$Holder.invokeVirtual(java.lang.Object, java.lang.Object, java.lang.Object, java.lang.Object, java.lang.Object)'> (0x00000000efaa7018) 
thrown [s\src\hotspot\share\interpreter\linkResolver.cpp, line 773]

ZGC Phase Switch (0 events):
No events

VM Operations (20 events):
Event: 1.245 Executing VM operation: HandshakeAllThreads (Deoptimize)
Event: 1.245 Executing VM operation: HandshakeAllThreads (Deoptimize) done
Event: 1.338 Executing VM operation: HandshakeAllThreads (Deoptimize)
Event: 1.338 Executing VM operation: HandshakeAllThreads (Deoptimize) done
Event: 1.491 Executing VM operation: ICBufferFull
Event: 1.491 Executing VM operation: ICBufferFull done
Event: 1.656 Executing VM operation: HandshakeAllThreads (Deoptimize)
Event: 1.656 Executing VM operation: HandshakeAllThreads (Deoptimize) done
Event: 1.819 Executing VM operation: HandshakeAllThreads (Deoptimize)
Event: 1.819 Executing VM operation: HandshakeAllThreads (Deoptimize) done
Event: 1.820 Executing VM operation: HandshakeAllThreads (Deoptimize)
Event: 1.820 Executing VM operation: HandshakeAllThreads (Deoptimize) done
Event: 2.002 Executing VM operation: ICBufferFull
Event: 2.002 Executing VM operation: ICBufferFull done
Event: 2.084 Executing VM operation: CollectForMetadataAllocation (Metadata GC Threshold)
Event: 2.092 Executing VM operation: CollectForMetadataAllocation (Metadata GC Threshold) done
Event: 2.095 Executing VM operation: G1PauseRemark
Event: 2.097 Executing VM operation: G1PauseRemark done
Event: 2.098 Executing VM operation: G1PauseCleanup
Event: 2.098 Executing VM operation: G1PauseCleanup done

Memory protections (0 events):
No events

Nmethod flushes (0 events):
No events

Events (20 events):
Event: 0.051 Thread 0x0000029ac0c06f40 Thread added: 0x0000029ac0db5b20
Event: 0.054 Thread 0x0000029ac0cc5ab0 Thread added: 0x0000029ac0dba6f0
Event: 0.077 Thread 0x0000029aa30358c0 Thread added: 0x0000029ac0bf90b0
Event: 0.231 Thread 0x0000029ac0cc5ab0 Thread added: 0x0000029ada1c0d60
Event: 0.238 Thread 0x0000029ac0cc5ab0 Thread added: 0x0000029ada28c170
Event: 0.488 Thread 0x0000029ac0c06f40 Thread added: 0x0000029adaec8de0
Event: 0.788 Thread 0x0000029ada28c170 Thread exited: 0x0000029ada28c170
Event: 1.114 Thread 0x0000029aa30358c0 Thread added: 0x0000029ac0bf7d00
Event: 1.261 Thread 0x0000029aa30358c0 Thread added: 0x0000029ac0bf9740
Event: 1.311 Thread 0x0000029aa30358c0 Thread added: 0x0000029ac0bfaaf0
Event: 1.357 Thread 0x0000029ac0bf9740 Thread added: 0x0000029ac0bfa460
Event: 1.359 Thread 0x0000029ac0bfa460 Thread added: 0x0000029ac0bf8390
Event: 1.378 Thread 0x0000029ac0bfa460 Thread added: 0x0000029adbd58e50
Event: 1.383 Thread 0x0000029ac0bfa460 Thread added: 0x0000029adbd59b70
Event: 1.388 Thread 0x0000029adbd59b70 Thread added: 0x0000029adbd5b5b0
Event: 1.391 Thread 0x0000029adbd59b70 Thread added: 0x0000029adbd5a200
Event: 1.394 Thread 0x0000029adbd59b70 Thread added: 0x0000029adbd5a890
Event: 1.656 Thread 0x0000029adbd59b70 Thread added: 0x0000029adbd5af20
Event: 1.662 Thread 0x0000029adbd59b70 Thread added: 0x0000029adbd587c0
Event: 1.701 Thread 0x0000029adbd59b70 Thread added: 0x0000029adbd5bc40


Dynamic libraries:
0x00007ff71bee0000 - 0x00007ff71beee000 	C:\Program Files\Java\bin\java.exe
0x00007ff9c5f80000 - 0x00007ff9c61e7000 	C:\WINDOWS\SYSTEM32\ntdll.dll
0x00007ff9c53d0000 - 0x00007ff9c5499000 	C:\WINDOWS\System32\KERNEL32.DLL
0x00007ff9c3870000 - 0x00007ff9c3c5f000 	C:\WINDOWS\System32\KERNELBASE.dll
0x00007ff9c3470000 - 0x00007ff9c35bb000 	C:\WINDOWS\System32\ucrtbase.dll
0x00007ff9bc080000 - 0x00007ff9bc09b000 	C:\Program Files\Java\bin\VCRUNTIME140.dll
0x00007ff9bbfb0000 - 0x00007ff9bbfc8000 	C:\Program Files\Java\bin\jli.dll
0x00007ff9c4e40000 - 0x00007ff9c5005000 	C:\WINDOWS\System32\USER32.dll
0x00007ff9a9fc0000 - 0x00007ff9aa253000 	C:\WINDOWS\WinSxS\amd64_microsoft.windows.common-controls_6595b64144ccf1df_6.0.26100.7309_none_3e05feeae336a044\COMCTL32.dll
0x00007ff9c30d0000 - 0x00007ff9c30f7000 	C:\WINDOWS\System32\win32u.dll
0x00007ff9c51b0000 - 0x00007ff9c5259000 	C:\WINDOWS\System32\msvcrt.dll
0x00007ff9c5b80000 - 0x00007ff9c5bab000 	C:\WINDOWS\System32\GDI32.dll
0x00007ff9c35c0000 - 0x00007ff9c36ec000 	C:\WINDOWS\System32\gdi32full.dll
0x00007ff9c3c70000 - 0x00007ff9c3d13000 	C:\WINDOWS\System32\msvcp_win.dll
0x00007ff9c5170000 - 0x00007ff9c51a1000 	C:\WINDOWS\System32\IMM32.DLL
0x00007ff9bbfa0000 - 0x00007ff9bbfac000 	C:\Program Files\Java\bin\vcruntime140_1.dll
0x00007ff9bbf10000 - 0x00007ff9bbf9e000 	C:\Program Files\Java\bin\msvcp140.dll
0x00007ff961230000 - 0x00007ff961fb8000 	C:\Program Files\Java\bin\server\jvm.dll
0x00007ff9c5860000 - 0x00007ff9c5914000 	C:\WINDOWS\System32\ADVAPI32.dll
0x00007ff9c4910000 - 0x00007ff9c49b6000 	C:\WINDOWS\System32\sechost.dll
0x00007ff9c49c0000 - 0x00007ff9c4ad8000 	C:\WINDOWS\System32\RPCRT4.dll
0x00007ff9c50f0000 - 0x00007ff9c5164000 	C:\WINDOWS\System32\WS2_32.dll
0x00007ff9c2d80000 - 0x00007ff9c2dde000 	C:\WINDOWS\SYSTEM32\POWRPROF.dll
0x00007ff9b5d90000 - 0x00007ff9b5dc5000 	C:\WINDOWS\SYSTEM32\WINMM.dll
0x00007ff9ba7b0000 - 0x00007ff9ba7bb000 	C:\WINDOWS\SYSTEM32\VERSION.dll
0x00007ff9c2d60000 - 0x00007ff9c2d74000 	C:\WINDOWS\SYSTEM32\UMPDC.dll
0x00007ff9c1e60000 - 0x00007ff9c1e7b000 	C:\WINDOWS\SYSTEM32\kernel.appcore.dll
0x00007ff9bbf00000 - 0x00007ff9bbf0a000 	C:\Program Files\Java\bin\jimage.dll
0x00007ff9c09f0000 - 0x00007ff9c0c32000 	C:\WINDOWS\SYSTEM32\DBGHELP.DLL
0x00007ff9c5bb0000 - 0x00007ff9c5f35000 	C:\WINDOWS\System32\combase.dll
0x00007ff9c5010000 - 0x00007ff9c50e6000 	C:\WINDOWS\System32\OLEAUT32.dll
0x00007ff9a2c70000 - 0x00007ff9a2cac000 	C:\WINDOWS\SYSTEM32\dbgcore.DLL
0x00007ff9c3270000 - 0x00007ff9c3315000 	C:\WINDOWS\System32\bcryptPrimitives.dll
0x00007ff9bbef0000 - 0x00007ff9bbeff000 	C:\Program Files\Java\bin\instrument.dll
0x00007ff9baa10000 - 0x00007ff9baa2f000 	C:\Program Files\Java\bin\java.dll
0x00007ff9c41b0000 - 0x00007ff9c4903000 	C:\WINDOWS\System32\SHELL32.dll
0x00007ff9c3100000 - 0x00007ff9c326a000 	C:\WINDOWS\System32\wintypes.dll
0x00007ff9c0cb0000 - 0x00007ff9c150e000 	C:\WINDOWS\SYSTEM32\windows.storage.dll
0x00007ff9c56b0000 - 0x00007ff9c57a5000 	C:\WINDOWS\System32\SHCORE.dll
0x00007ff9c5b10000 - 0x00007ff9c5b76000 	C:\WINDOWS\System32\shlwapi.dll
0x00007ff9c2ff0000 - 0x00007ff9c3019000 	C:\WINDOWS\SYSTEM32\profapi.dll
0x00007ff962890000 - 0x00007ff962967000 	C:\Program Files\Java\bin\jsvml.dll
0x00007ff9a78a0000 - 0x00007ff9a78b8000 	C:\Program Files\Java\bin\zip.dll
0x00007ff9bbee0000 - 0x00007ff9bbef0000 	C:\Program Files\java\bin\net.dll
0x00007ff9bba60000 - 0x00007ff9bbb88000 	C:\WINDOWS\SYSTEM32\WINHTTP.dll
0x00007ff9c23f0000 - 0x00007ff9c245b000 	C:\WINDOWS\system32\mswsock.dll
0x00007ff9a7590000 - 0x00007ff9a75a6000 	C:\Program Files\java\bin\nio.dll
0x00007ff9bb900000 - 0x00007ff9bb910000 	C:\Program Files\Java\bin\verify.dll
0x00007ff9bbfd0000 - 0x00007ff9bbff7000 	C:\Users\hecto\.gradle\native\660c5614fbf4a5f2a75b1949f50a0caf5cd603558e7d8a26e50b933a0cfb79d1\windows-amd64\native-platform.dll
0x00007ff9a3f40000 - 0x00007ff9a3fb7000 	C:\Users\hecto\.gradle\native\0.2.8\x86_64-windows-gnu\gradle-fileevents.dll
0x00007ff9baa00000 - 0x00007ff9baa0a000 	C:\Program Files\java\bin\management.dll
0x00007ff9b6230000 - 0x00007ff9b623b000 	C:\Program Files\java\bin\management_ext.dll
0x00007ff9c4ae0000 - 0x00007ff9c4ae8000 	C:\WINDOWS\System32\PSAPI.DLL
0x00007ff9c1880000 - 0x00007ff9c18b4000 	C:\WINDOWS\SYSTEM32\IPHLPAPI.DLL
0x00007ff9c4af0000 - 0x00007ff9c4afa000 	C:\WINDOWS\System32\NSI.dll
0x00007ff9a7890000 - 0x00007ff9a7899000 	C:\Program Files\java\bin\extnet.dll
0x00007ff9c26b0000 - 0x00007ff9c26cb000 	C:\WINDOWS\SYSTEM32\CRYPTSP.dll
0x00007ff9c1db0000 - 0x00007ff9c1dea000 	C:\WINDOWS\system32\rsaenh.dll
0x00007ff9c24a0000 - 0x00007ff9c24cb000 	C:\WINDOWS\SYSTEM32\USERENV.dll
0x00007ff9c2fc0000 - 0x00007ff9c2fea000 	C:\WINDOWS\SYSTEM32\bcrypt.dll
0x00007ff9c26d0000 - 0x00007ff9c26dc000 	C:\WINDOWS\SYSTEM32\CRYPTBASE.dll
0x00007ff9a7580000 - 0x00007ff9a758e000 	C:\Program Files\java\bin\sunmscapi.dll
0x00007ff9c36f0000 - 0x00007ff9c3867000 	C:\WINDOWS\System32\CRYPT32.dll
0x00007ff9c2940000 - 0x00007ff9c2970000 	C:\WINDOWS\SYSTEM32\ncrypt.dll
0x00007ff9c28f0000 - 0x00007ff9c292f000 	C:\WINDOWS\SYSTEM32\NTASN1.dll
0x00007ff9185d0000 - 0x00007ff9185d8000 	C:\WINDOWS\system32\wshunix.dll

dbghelp: loaded successfully - version: 4.0.5 - missing functions: none
symbol engine: initialized successfully - sym options: 0x614 - pdb path: .;C:\Program Files\Java\bin;C:\WINDOWS\SYSTEM32;C:\WINDOWS\WinSxS\amd64_microsoft.windows.common-controls_6595b64144ccf1df_6.0.26100.7309_none_3e05feeae336a044;C:\Program Files\Java\bin\server;C:\Users\hecto\.gradle\native\660c5614fbf4a5f2a75b1949f50a0caf5cd603558e7d8a26e50b933a0cfb79d1\windows-amd64;C:\Users\hecto\.gradle\native\0.2.8\x86_64-windows-gnu

VM Arguments:
jvm_args: --add-opens=java.base/java.lang=ALL-UNNAMED --add-opens=java.base/java.lang.invoke=ALL-UNNAMED --add-opens=java.base/java.util=ALL-UNNAMED --add-opens=java.prefs/java.util.prefs=ALL-UNNAMED --add-exports=jdk.compiler/com.sun.tools.javac.api=ALL-UNNAMED --add-exports=jdk.compiler/com.sun.tools.javac.util=ALL-UNNAMED --add-opens=java.base/java.util=ALL-UNNAMED --add-opens=java.prefs/java.util.prefs=ALL-UNNAMED --add-opens=java.base/java.nio.charset=ALL-UNNAMED --add-opens=java.base/java.net=ALL-UNNAMED --add-opens=java.base/java.util.concurrent=ALL-UNNAMED --add-opens=java.base/java.util.concurrent.atomic=ALL-UNNAMED --add-opens=java.xml/javax.xml.namespace=ALL-UNNAMED --add-opens=java.base/java.time=ALL-UNNAMED -XX:MaxMetaspaceSize=384m -XX:+HeapDumpOnOutOfMemoryError -Xms256m -Xmx512m -Dfile.encoding=UTF-8 -Duser.country=GB -Duser.language=en -Duser.variant -javaagent:C:\Users\hecto\.gradle\wrapper\dists\gradle-9.2.1-bin\2t0n5ozlw9xmuyvbp7dnzaxug\gradle-9.2.1\lib\agents\gradle-instrumentation-agent-9.2.1.jar 
java_command: org.gradle.launcher.daemon.bootstrap.GradleDaemon 9.2.1
java_class_path (initial): C:\Users\hecto\.gradle\wrapper\dists\gradle-9.2.1-bin\2t0n5ozlw9xmuyvbp7dnzaxug\gradle-9.2.1\lib\gradle-daemon-main-9.2.1.jar
Launcher Type: SUN_STANDARD

[Global flags]
     intx CICompilerCount                          = 12                                        {product} {ergonomic}
   size_t CompressedClassSpaceSize                 = 335544320                                 {product} {ergonomic}
     uint ConcGCThreads                            = 3                                         {product} {ergonomic}
     uint G1ConcRefinementThreads                  = 13                                        {product} {ergonomic}
   size_t G1HeapRegionSize                         = 1048576                                   {product} {ergonomic}
    uintx GCDrainStackTargetSize                   = 64                                        {product} {ergonomic}
     bool HeapDumpOnOutOfMemoryError               = true                                   {manageable} {command line}
   size_t InitialHeapSize                          = 268435456                                 {product} {command line}
   size_t MarkStackSize                            = 4194304                                   {product} {ergonomic}
   size_t MaxHeapSize                              = 536870912                                 {product} {command line}
   size_t MaxMetaspaceSize                         = 402653184                                 {product} {command line}
   size_t MaxNewSize                               = 321912832                                 {product} {ergonomic}
   size_t MinHeapDeltaBytes                        = 1048576                                   {product} {ergonomic}
   size_t MinHeapSize                              = 268435456                                 {product} {command line}
    uintx NonNMethodCodeHeapSize                   = 7602480                                {pd product} {ergonomic}
    uintx NonProfiledCodeHeapSize                  = 122027880                              {pd product} {ergonomic}
    uintx ProfiledCodeHeapSize                     = 122027880                              {pd product} {ergonomic}
    uintx ReservedCodeCacheSize                    = 251658240                              {pd product} {ergonomic}
     bool SegmentedCodeCache                       = true                                      {product} {ergonomic}
   size_t SoftMaxHeapSize                          = 536870912                              {manageable} {ergonomic}
     bool UseCompressedOops                        = true                           {product lp64_product} {ergonomic}
     bool UseG1GC                                  = true                                      {product} {ergonomic}
     bool UseLargePagesIndividualAllocation        = false                                  {pd product} {ergonomic}

Logging:
Log output configuration:
 #0: stdout all=warning uptime,level,tags foldmultilines=false
 #1: stderr all=off uptime,level,tags foldmultilines=false

Environment Variables:
JAVA_HOME=C:\Program Files\java\java-21-openjdk-21.0.4.0.7-1.win.jdk.x86_64
PATH=C:\Program Files\Common Files\Oracle\Java\javapath;C:\Windows\system32;C:\Windows;C:\Windows\System32\Wbem;C:\Windows\System32\WindowsPowerShell\v1.0\;C:\Windows\System32\OpenSSH\;C:\Program Files (x86)\NVIDIA Corporation\PhysX\Common;C:\Program Files\NVIDIA Corporation\NVIDIA NvDLISR;C:\WINDOWS\system32;C:\WINDOWS;C:\WINDOWS\System32\Wbem;C:\WINDOWS\System32\WindowsPowerShell\v1.0\;C:\WINDOWS\System32\OpenSSH\;C:\Program Files\dotnet\;C:\Program Files\Git\cmd;C:\Program Files\nodejs\;C:\Users\hecto\AppData\Local\Microsoft\WindowsApps;C:\Users\hecto\AppData\Local\Programs\Microsoft VS Code\bin;C:\Users\hecto\AppData\Roaming\npm;C:\Program Files\java\java-21-openjdk-21.0.4.0.7-1.win.jdk.x86_64\bin;C:\Users\hecto\AppData\Local\GitHubDesktop\bin
USERNAME=hecto
OS=Windows_NT
PROCESSOR_IDENTIFIER=Intel64 Family 6 Model 165 Stepping 5, GenuineIntel
TMP=C:\Users\hecto\AppData\Local\Temp
TEMP=C:\Users\hecto\AppData\Local\Temp




Periodic native trim disabled

---------------  S Y S T E M  ---------------

OS:
 Windows 11 , 64 bit Build 26100 (10.0.26100.7309)
OS uptime: 0 days 1:15 hours
Hyper-V role detected

CPU: total 16 (initial active 16) (8 cores per cpu, 2 threads per core) family 6 model 165 stepping 5 microcode 0xf6, cx8, cmov, fxsr, ht, mmx, 3dnowpref, sse, sse2, sse3, ssse3, sse4.1, sse4.2, popcnt, lzcnt, tsc, tscinvbit, avx, avx2, aes, erms, clmul, bmi1, bmi2, adx, fma, vzeroupper, clflush, clflushopt, hv, rdtscp, f16c
Processor Information for processor 0
  Max Mhz: 2901, Current Mhz: 1500, Mhz Limit: 2901
Processor Information for processor 1
  Max Mhz: 2901, Current Mhz: 2901, Mhz Limit: 2901
Processor Information for processor 2
  Max Mhz: 2901, Current Mhz: 2901, Mhz Limit: 2901
Processor Information for processor 3
  Max Mhz: 2901, Current Mhz: 2901, Mhz Limit: 2901
Processor Information for processor 4
  Max Mhz: 2901, Current Mhz: 2901, Mhz Limit: 2901
Processor Information for processor 5
  Max Mhz: 2901, Current Mhz: 2901, Mhz Limit: 2901
Processor Information for processor 6
  Max Mhz: 2901, Current Mhz: 2901, Mhz Limit: 2901
Processor Information for processor 7
  Max Mhz: 2901, Current Mhz: 1500, Mhz Limit: 2901
Processor Information for processor 8
  Max Mhz: 2901, Current Mhz: 2901, Mhz Limit: 2901
Processor Information for processor 9
  Max Mhz: 2901, Current Mhz: 2901, Mhz Limit: 2901
Processor Information for processor 10
  Max Mhz: 2901, Current Mhz: 2901, Mhz Limit: 2901
Processor Information for processor 11
  Max Mhz: 2901, Current Mhz: 1500, Mhz Limit: 2901
Processor Information for processor 12
  Max Mhz: 2901, Current Mhz: 1500, Mhz Limit: 2901
Processor Information for processor 13
  Max Mhz: 2901, Current Mhz: 1500, Mhz Limit: 2901
Processor Information for processor 14
  Max Mhz: 2901, Current Mhz: 1500, Mhz Limit: 2901
Processor Information for processor 15
  Max Mhz: 2901, Current Mhz: 1500, Mhz Limit: 2901

Memory: 4k page, system-wide physical 16125M (2150M free)
TotalPageFile size 17934M (AvailPageFile size 4M)
current process WorkingSet (physical memory assigned to process): 317M, peak: 317M
current process commit charge ("private bytes"): 469M, peak: 471M

vm_info: OpenJDK 64-Bit Server VM (21.0.4+7-LTS) for windows-amd64 JRE (21.0.4+7-LTS), built on 2024-07-16T00:00:00Z by "admin" with MS VC++ 17.7 (VS2022)

END.
